Archive member included to satisfy reference by file (symbol)

D:/stm3332/STM32CubeIDE_1.15.0/STM32CubeIDE/plugins/com.st.stm32cube.ide.mcu.externaltools.gnu-tools-for-stm32.12.3.rel1.win32_1.0.100.202403111256/tools/bin/../lib/gcc/arm-none-eabi/12.3.1/../../../../arm-none-eabi/lib/thumb/v7-m/nofp\libc_nano.a(libc_a-exit.o)
                              D:/stm3332/STM32CubeIDE_1.15.0/STM32CubeIDE/plugins/com.st.stm32cube.ide.mcu.externaltools.gnu-tools-for-stm32.12.3.rel1.win32_1.0.100.202403111256/tools/bin/../lib/gcc/arm-none-eabi/12.3.1/../../../../arm-none-eabi/lib/thumb/v7-m/nofp/crt0.o (exit)
D:/stm3332/STM32CubeIDE_1.15.0/STM32CubeIDE/plugins/com.st.stm32cube.ide.mcu.externaltools.gnu-tools-for-stm32.12.3.rel1.win32_1.0.100.202403111256/tools/bin/../lib/gcc/arm-none-eabi/12.3.1/../../../../arm-none-eabi/lib/thumb/v7-m/nofp\libc_nano.a(libc_a-findfp.o)
                              D:/stm3332/STM32CubeIDE_1.15.0/STM32CubeIDE/plugins/com.st.stm32cube.ide.mcu.externaltools.gnu-tools-for-stm32.12.3.rel1.win32_1.0.100.202403111256/tools/bin/../lib/gcc/arm-none-eabi/12.3.1/../../../../arm-none-eabi/lib/thumb/v7-m/nofp\libc_nano.a(libc_a-exit.o) (__stdio_exit_handler)
D:/stm3332/STM32CubeIDE_1.15.0/STM32CubeIDE/plugins/com.st.stm32cube.ide.mcu.externaltools.gnu-tools-for-stm32.12.3.rel1.win32_1.0.100.202403111256/tools/bin/../lib/gcc/arm-none-eabi/12.3.1/../../../../arm-none-eabi/lib/thumb/v7-m/nofp\libc_nano.a(libc_a-fwalk.o)
                              D:/stm3332/STM32CubeIDE_1.15.0/STM32CubeIDE/plugins/com.st.stm32cube.ide.mcu.externaltools.gnu-tools-for-stm32.12.3.rel1.win32_1.0.100.202403111256/tools/bin/../lib/gcc/arm-none-eabi/12.3.1/../../../../arm-none-eabi/lib/thumb/v7-m/nofp\libc_nano.a(libc_a-findfp.o) (_fwalk_sglue)
D:/stm3332/STM32CubeIDE_1.15.0/STM32CubeIDE/plugins/com.st.stm32cube.ide.mcu.externaltools.gnu-tools-for-stm32.12.3.rel1.win32_1.0.100.202403111256/tools/bin/../lib/gcc/arm-none-eabi/12.3.1/../../../../arm-none-eabi/lib/thumb/v7-m/nofp\libc_nano.a(libc_a-stdio.o)
                              D:/stm3332/STM32CubeIDE_1.15.0/STM32CubeIDE/plugins/com.st.stm32cube.ide.mcu.externaltools.gnu-tools-for-stm32.12.3.rel1.win32_1.0.100.202403111256/tools/bin/../lib/gcc/arm-none-eabi/12.3.1/../../../../arm-none-eabi/lib/thumb/v7-m/nofp\libc_nano.a(libc_a-findfp.o) (__sread)
D:/stm3332/STM32CubeIDE_1.15.0/STM32CubeIDE/plugins/com.st.stm32cube.ide.mcu.externaltools.gnu-tools-for-stm32.12.3.rel1.win32_1.0.100.202403111256/tools/bin/../lib/gcc/arm-none-eabi/12.3.1/../../../../arm-none-eabi/lib/thumb/v7-m/nofp\libc_nano.a(libc_a-memset.o)
                              D:/stm3332/STM32CubeIDE_1.15.0/STM32CubeIDE/plugins/com.st.stm32cube.ide.mcu.externaltools.gnu-tools-for-stm32.12.3.rel1.win32_1.0.100.202403111256/tools/bin/../lib/gcc/arm-none-eabi/12.3.1/../../../../arm-none-eabi/lib/thumb/v7-m/nofp/crt0.o (memset)
D:/stm3332/STM32CubeIDE_1.15.0/STM32CubeIDE/plugins/com.st.stm32cube.ide.mcu.externaltools.gnu-tools-for-stm32.12.3.rel1.win32_1.0.100.202403111256/tools/bin/../lib/gcc/arm-none-eabi/12.3.1/../../../../arm-none-eabi/lib/thumb/v7-m/nofp\libc_nano.a(libc_a-closer.o)
                              D:/stm3332/STM32CubeIDE_1.15.0/STM32CubeIDE/plugins/com.st.stm32cube.ide.mcu.externaltools.gnu-tools-for-stm32.12.3.rel1.win32_1.0.100.202403111256/tools/bin/../lib/gcc/arm-none-eabi/12.3.1/../../../../arm-none-eabi/lib/thumb/v7-m/nofp\libc_nano.a(libc_a-stdio.o) (_close_r)
D:/stm3332/STM32CubeIDE_1.15.0/STM32CubeIDE/plugins/com.st.stm32cube.ide.mcu.externaltools.gnu-tools-for-stm32.12.3.rel1.win32_1.0.100.202403111256/tools/bin/../lib/gcc/arm-none-eabi/12.3.1/../../../../arm-none-eabi/lib/thumb/v7-m/nofp\libc_nano.a(libc_a-reent.o)
                              D:/stm3332/STM32CubeIDE_1.15.0/STM32CubeIDE/plugins/com.st.stm32cube.ide.mcu.externaltools.gnu-tools-for-stm32.12.3.rel1.win32_1.0.100.202403111256/tools/bin/../lib/gcc/arm-none-eabi/12.3.1/../../../../arm-none-eabi/lib/thumb/v7-m/nofp\libc_nano.a(libc_a-closer.o) (errno)
D:/stm3332/STM32CubeIDE_1.15.0/STM32CubeIDE/plugins/com.st.stm32cube.ide.mcu.externaltools.gnu-tools-for-stm32.12.3.rel1.win32_1.0.100.202403111256/tools/bin/../lib/gcc/arm-none-eabi/12.3.1/../../../../arm-none-eabi/lib/thumb/v7-m/nofp\libc_nano.a(libc_a-impure.o)
                              D:/stm3332/STM32CubeIDE_1.15.0/STM32CubeIDE/plugins/com.st.stm32cube.ide.mcu.externaltools.gnu-tools-for-stm32.12.3.rel1.win32_1.0.100.202403111256/tools/bin/../lib/gcc/arm-none-eabi/12.3.1/../../../../arm-none-eabi/lib/thumb/v7-m/nofp\libc_nano.a(libc_a-reent.o) (_impure_ptr)
D:/stm3332/STM32CubeIDE_1.15.0/STM32CubeIDE/plugins/com.st.stm32cube.ide.mcu.externaltools.gnu-tools-for-stm32.12.3.rel1.win32_1.0.100.202403111256/tools/bin/../lib/gcc/arm-none-eabi/12.3.1/../../../../arm-none-eabi/lib/thumb/v7-m/nofp\libc_nano.a(libc_a-lseekr.o)
[...]
Memory Configuration

Name             Origin             Length             Attributes
RAM              0x20000000         0x00005000         xrw
FLASH            0x08000000         0x00010000         xr
*default*        0x00000000         0xffffffff

Linker script and memory map

LOAD D:/stm3332/STM32CubeIDE_1.15.0/STM32CubeIDE/plugins/com.st.stm32cube.ide.mcu.externaltools.gnu-tools-for-stm32.12.3.rel1.win32_1.0.100.202403111256/tools/bin/../lib/gcc/arm-none-eabi/12.3.1/thumb/v7-m/nofp/crti.o
LOAD D:/stm3332/STM32CubeIDE_1.15.0/STM32CubeIDE/plugins/com.st.stm32cube.ide.mcu.externaltools.gnu-tools-for-stm32.12.3.rel1.win32_1.0.100.202403111256/tools/bin/../lib/gcc/arm-none-eabi/12.3.1/thumb/v7-m/nofp/crtbegin.o
LOAD D:/stm3332/STM32CubeIDE_1.15.0/STM32CubeIDE/plugins/com.st.stm32cube.ide.mcu.externaltools.gnu-tools-for-stm32.12.3.rel1.win32_1.0.100.202403111256/tools/bin/../lib/gcc/arm-none-eabi/12.3.1/../../../../arm-none-eabi/lib/thumb/v7-m/nofp/crt0.o
LOAD ./Core/Src/blink_control.o
LOAD ./Core/Src/debouncer.o
LOAD ./Core/Src/edge_detector.o
LOAD ./Core/Src/fsm.o
LOAD ./Core/Src/main.o
LOAD ./Core/Src/modulo_ejemplo.o
LOAD ./Core/Src/stm32f1xx_hal_msp.o
LOAD ./Core/Src/stm32f1xx_it.o
LOAD ./Core/Src/syscalls.o
LOAD ./Core/Src/sysmem.o
LOAD ./Core/Src/system_stm32f1xx.o
LOAD ./Core/Src/timer.o
LOAD ./Core/Src/timer_period_manager.o
LOAD ./Core/Startup/startup_stm32f103c8tx.o
LOAD ./Drivers/STM32F1xx_HAL_Driver/Src/stm32f1xx_hal.o
LOAD ./Drivers/STM32F1xx_HAL_Driver/Src/stm32f1xx_hal_cortex.o
LOAD ./Drivers/STM32F1xx_HAL_Driver/Src/stm32f1xx_hal_dma.o
LOAD ./Drivers/STM32F1xx_HAL_Driver/Src/stm32f1xx_hal_exti.o
LOAD ./Drivers/STM32F1xx_HAL_Driver/Src/stm32f1xx_hal_flash.o
LOAD ./Drivers/STM32F1xx_HAL_Driver/Src/stm32f1xx_hal_flash_ex.o
LOAD ./Drivers/STM32F1xx_HAL_Driver/Src/stm32f1xx_hal_gpio.o
LOAD ./Drivers/STM32F1xx_HAL_Driver/Src/stm32f1xx_hal_gpio_ex.o
LOAD ./Drivers/STM32F1xx_HAL_Driver/Src/stm32f1xx_hal_pwr.o
LOAD ./Drivers/STM32F1xx_HAL_Driver/Src/stm32f1xx_hal_rcc.o
LOAD ./Drivers/STM32F1xx_HAL_Driver/Src/stm32f1xx_hal_rcc_ex.o
LOAD ./Drivers/STM32F1xx_HAL_Driver/Src/stm32f1xx_hal_tim.o
LOAD ./Drivers/STM32F1xx_HAL_Driver/Src/stm32f1xx_hal_tim_ex.o
START GROUP
LOAD D:/stm3332/STM32CubeIDE_1.15.0/STM32CubeIDE/plugins/com.st.stm32cube.ide.mcu.externaltools.gnu-tools-for-stm32.12.3.rel1.win32_1.0.100.202403111256/tools/bin/../lib/gcc/arm-none-eabi/12.3.1/../../../../arm-none-eabi/lib/thumb/v7-m/nofp\libc_nano.a
LOAD D:/stm3332/STM32CubeIDE_1.15.0/STM32CubeIDE/plugins/com.st.stm32cube.ide.mcu.externaltools.gnu-tools-for-stm32.12.3.rel1.win32_1.0.100.202403111256/tools/bin/../lib/gcc/arm-none-eabi/12.3.1/../../../../arm-none-eabi/lib/thumb/v7-m/nofp\libm.a
END GROUP
START GROUP
LOAD D:/stm3332/STM32CubeIDE_1.15.0/STM32CubeIDE/plugins/com.st.stm32cube.ide.mcu.externaltools.gnu-tools-for-stm32.12.3.rel1.win32_1.0.100.202403111256/tools/bin/../lib/gcc/arm-none-eabi/12.3.1/thumb/v7-m/nofp\libgcc.a
LOAD D:/stm3332/STM32CubeIDE_1.15.0/STM32CubeIDE/plugins/com.st.stm32cube.ide.mcu.externaltools.gnu-tools-for-stm32.12.3.rel1.win32_1.0.100.202403111256/tools/bin/../lib/gcc/arm-none-eabi/12.3.1/../../../../arm-none-eabi/lib/thumb/v7-m/nofp\libc_nano.a
END GROUP
START GROUP
LOAD D:/stm3332/STM32CubeIDE_1.15.0/STM32CubeIDE/plugins/com.st.stm32cube.ide.mcu.externaltools.gnu-tools-for-stm32.12.3.rel1.win32_1.0.100.202403111256/tools/bin/../lib/gcc/arm-none-eabi/12.3.1/thumb/v7-m/nofp\libgcc.a
LOAD D:/stm3332/STM32CubeIDE_1.15.0/STM32CubeIDE/plugins/com.st.stm32cube.ide.mcu.externaltools.gnu-tools-for-stm32.12.3.rel1.win32_1.0.100.202403111256/tools/bin/../lib/gcc/arm-none-eabi/12.3.1/../../../../arm-none-eabi/lib/thumb/v7-m/nofp\libc_nano.a
LOAD D:/stm3332/STM32CubeIDE_1.15.0/STM32CubeIDE/plugins/com.st.stm32cube.ide.mcu.externaltools.gnu-tools-for-stm32.12.3.rel1.win32_1.0.100.202403111256/tools/bin/../lib/gcc/arm-none-eabi/12.3.1/../../../../arm-none-eabi/lib/thumb/v7-m/nofp\libnosys.a
END GROUP
START GROUP
LOAD D:/stm3332/STM32CubeIDE_1.15.0/STM32CubeIDE/plugins/com.st.stm32cube.ide.mcu.externaltools.gnu-tools-for-stm32.12.3.rel1.win32_1.0.100.202403111256/tools/bin/../lib/gcc/arm-none-eabi/12.3.1/thumb/v7-m/nofp\libgcc.a
LOAD D:/stm3332/STM32CubeIDE_1.15.0/STM32CubeIDE/plugins/com.st.stm32cube.ide.mcu.externaltools.gnu-tools-for-stm32.12.3.rel1.win32_1.0.100.202403111256/tools/bin/../lib/gcc/arm-none-eabi/12.3.1/../../../../arm-none-eabi/lib/thumb/v7-m/nofp\libc_nano.a
LOAD D:/stm3332/STM32CubeIDE_1.15.0/STM32CubeIDE/plugins/com.st.stm32cube.ide.mcu.externaltools.gnu-tools-for-stm32.12.3.rel1.win32_1.0.100.202403111256/tools/bin/../lib/gcc/arm-none-eabi/12.3.1/../../../../arm-none-eabi/lib/thumb/v7-m/nofp\libnosys.a
END GROUP
LOAD D:/stm3332/STM32CubeIDE_1.15.0/STM32CubeIDE/plugins/com.st.stm32cube.ide.mcu.externaltools.gnu-tools-for-stm32.12.3.rel1.win32_1.0.100.202403111256/tools/bin/../lib/gcc/arm-none-eabi/12.3.1/thumb/v7-m/nofp/crtend.o
LOAD D:/stm3332/STM32CubeIDE_1.15.0/STM32CubeIDE/plugins/com.st.stm32cube.ide.mcu.externaltools.gnu-tools-for-stm32.12.3.rel1.win32_1.0.100.202403111256/tools/bin/../lib/gcc/arm-none-eabi/12.3.1/thumb/v7-m/nofp/crtn.o
                0x20005000                        _estack = (ORIGIN (RAM) + LENGTH (RAM))
                0x00000200                        _Min_Heap_Size = 0x200
                0x00000400                        _Min_Stack_Size = 0x400

.isr_vector     0x08000000      0x10c
                0x08000000                        . = ALIGN (0x4)
 *(.isr_vector)
 .isr_vector    0x08000000      0x10c ./Core/Startup/startup_stm32f103c8tx.o
                0x08000000                g_pfnVectors
                0x0800010c                        . = ALIGN (0x4)

.text           0x0800010c     0x179c
                0x0800010c                        . = ALIGN (0x4)
 *(.text)
 .text          0x0800010c       0x40 D:/stm3332/STM32CubeIDE_1.15.0/STM32CubeIDE/plugins/com.st.stm32cube.ide.mcu.externaltools.gnu-tools-for-stm32.12.3.rel1.win32_1.0.100.202403111256/tools/bin/../lib/gcc/arm-none-eabi/12.3.1/thumb/v7-m/nofp/crtbegin.o
 *(.text*)
 .text.timer_expired
                0x0800014c       0x20 ./Core/Src/blink_control.o
 .text.on_state_led_off
                0x0800016c       0x2e ./Core/Src/blink_control.o
                0x0800016c                on_state_led_off
 .text.on_state_led_on
                0x0800019a       0x2e ./Core/Src/blink_control.o
                0x0800019a                on_state_led_on
 .text.blink_control_init
                0x080001c8       0x40 ./Core/Src/blink_control.o
                0x080001c8                blink_control_init
 .text.is_button_pressed
                0x08000208       0x30 ./Core/Src/debouncer.o
 .text.is_button_pressed_and_timer_expired
                0x08000238       0x40 ./Core/Src/debouncer.o
 .text.is_button_released_and_timer_expired
                0x08000278       0x40 ./Core/Src/debouncer.o
 .text.on_state_pressed
                0x080002b8       0x20 ./Core/Src/debouncer.o
                0x080002b8                on_state_pressed
 .text.on_state_released
                0x080002d8       0x20 ./Core/Src/debouncer.o
                0x080002d8                on_state_released
 .text.debounced_switch_init
                0x080002f8       0x40 ./Core/Src/debouncer.o
                0x080002f8                debounced_switch_init
 .text.get_debounced_switch_state
                0x08000338       0x20 ./Core/Src/debouncer.o
                0x08000338                get_debounced_switch_state
 .text.is_high  0x08000358       0x2a ./Core/Src/edge_detector.o
 .text.is_low   0x08000382       0x2a ./Core/Src/edge_detector.o
 .text.on_state_idle_high
                0x080003ac       0x12 ./Core/Src/edge_detector.o
                0x080003ac                on_state_idle_high
 .text.on_state_idle_low
                0x080003be       0x12 ./Core/Src/edge_detector.o
                0x080003be                on_state_idle_low
 .text.on_state_rising_edge
                0x080003d0       0x12 ./Core/Src/edge_detector.o
                0x080003d0                on_state_rising_edge
 .text.on_state_falling_edge
                0x080003e2       0x12 ./Core/Src/edge_detector.o
                0x080003e2                on_state_falling_edge
 .text.edge_detector_init
                0x080003f4       0x28 ./Core/Src/edge_detector.o
                0x080003f4                edge_detector_init
 .text.get_edge_detector_state
                0x0800041c       0x18 ./Core/Src/edge_detector.o
                0x0800041c                get_edge_detector_state
 .text.fsm_init
                0x08000434       0x2a ./Core/Src/fsm.o
                0x08000434                fsm_init
 *fill*         0x0800045e        0x2 
 .text.main     0x08000460      0x200 ./Core/Src/main.o
                0x08000460                main
 .text.SystemClock_Config
                0x08000660       0x76 ./Core/Src/main.o
                0x08000660                SystemClock_Config
 *fill*         0x080006d6        0x2 
 .text.MX_GPIO_Init
                0x080006d8       0xdc ./Core/Src/main.o
 .text.Error_Handler
                0x080007b4        0xc ./Core/Src/main.o
                0x080007b4                Error_Handler
 .text.HAL_MspInit
                0x080007c0       0x64 ./Core/Src/stm32f1xx_hal_msp.o
                0x080007c0                HAL_MspInit
 .text.NMI_Handler
                0x08000824        0x8 ./Core/Src/stm32f1xx_it.o
                0x08000824                NMI_Handler
 .text.HardFault_Handler
                0x0800082c        0x8 ./Core/Src/stm32f1xx_it.o
                0x0800082c                HardFault_Handler
 .text.MemManage_Handler
                0x08000834        0x8 ./Core/Src/stm32f1xx_it.o
                0x08000834                MemManage_Handler
 .text.BusFault_Handler
                0x0800083c        0x8 ./Core/Src/stm32f1xx_it.o
                0x0800083c                BusFault_Handler
 .text.UsageFault_Handler
                0x08000844        0x8 ./Core/Src/stm32f1xx_it.o
                0x08000844                UsageFault_Handler
 .text.SVC_Handler
                0x0800084c        0xc ./Core/Src/stm32f1xx_it.o
                0x0800084c                SVC_Handler
 .text.DebugMon_Handler
                0x08000858        0xc ./Core/Src/stm32f1xx_it.o
                0x08000858                DebugMon_Handler
 .text.PendSV_Handler
                0x08000864        0xc ./Core/Src/stm32f1xx_it.o
                0x08000864                PendSV_Handler
 .text.SysTick_Handler
                0x08000870        0xc ./Core/Src/stm32f1xx_it.o
                0x08000870                SysTick_Handler
 .text.SystemInit
                0x0800087c        0xc ./Core/Src/system_stm32f1xx.o
                0x0800087c                SystemInit
 .text.timer_start
                0x08000888       0x22 ./Core/Src/timer.o
                0x08000888                timer_start
 .text.timer_restart
                0x080008aa       0x1a ./Core/Src/timer.o
                0x080008aa                timer_restart
 .text.timer_has_expired
                0x080008c4       0x2a ./Core/Src/timer.o
                0x080008c4                timer_has_expired
 .text.timer_update_duration
                0x080008ee       0x1a ./Core/Src/timer.o
                0x080008ee                timer_update_duration
 .text.rising_edge_detected
                0x08000908       0x2a ./Core/Src/timer_period_manager.o
 .text.on_state_period_1
                0x08000932       0x20 ./Core/Src/timer_period_manager.o
                0x08000932                on_state_period_1
 .text.on_state_period_2
                0x08000952       0x22 ./Core/Src/timer_period_manager.o
                0x08000952                on_state_period_2
 .text.on_state_period_3
                0x08000974       0x22 ./Core/Src/timer_period_manager.o
                0x08000974                on_state_period_3
 *fill*         0x08000996        0x2 
 .text.timer_period_manager_init
                0x08000998       0x3c ./Core/Src/timer_period_manager.o
                0x08000998                timer_period_manager_init
 .text.Reset_Handler
                0x080009d4       0x48 ./Core/Startup/startup_stm32f103c8tx.o
                0x080009d4                Reset_Handler
 .text.Default_Handler
                0x08000a1c        0x2 ./Core/Startup/startup_stm32f103c8tx.o
                0x08000a1c                RTC_Alarm_IRQHandler
                0x08000a1c                EXTI2_IRQHandler
                0x08000a1c                TIM1_CC_IRQHandler
                0x08000a1c                PVD_IRQHandler
                0x08000a1c                EXTI3_IRQHandler
                0x08000a1c                EXTI0_IRQHandler
                0x08000a1c                I2C2_EV_IRQHandler
                0x08000a1c                ADC1_2_IRQHandler
                0x08000a1c                SPI1_IRQHandler
                0x08000a1c                TAMPER_IRQHandler
                0x08000a1c                DMA1_Channel4_IRQHandler
                0x08000a1c                USART3_IRQHandler
                0x08000a1c                RTC_IRQHandler
                0x08000a1c                DMA1_Channel7_IRQHandler
                0x08000a1c                CAN1_RX1_IRQHandler
                0x08000a1c                TIM4_IRQHandler
                0x08000a1c                I2C1_EV_IRQHandler
                0x08000a1c                DMA1_Channel6_IRQHandler
                0x08000a1c                TIM3_IRQHandler
                0x08000a1c                RCC_IRQHandler
                0x08000a1c                TIM1_TRG_COM_IRQHandler
                0x08000a1c                DMA1_Channel1_IRQHandler
                0x08000a1c                Default_Handler
                0x08000a1c                EXTI15_10_IRQHandler
                0x08000a1c                EXTI9_5_IRQHandler
                0x08000a1c                SPI2_IRQHandler
                0x08000a1c                DMA1_Channel5_IRQHandler
                0x08000a1c                EXTI4_IRQHandler
                0x08000a1c                USB_LP_CAN1_RX0_IRQHandler
                0x08000a1c                USB_HP_CAN1_TX_IRQHandler
                0x08000a1c                DMA1_Channel3_IRQHandler
                0x08000a1c                TIM1_UP_IRQHandler
                0x08000a1c                WWDG_IRQHandler
                0x08000a1c                TIM2_IRQHandler
                0x08000a1c                TIM1_BRK_IRQHandler
                0x08000a1c                EXTI1_IRQHandler
                0x08000a1c                USART2_IRQHandler
                0x08000a1c                I2C2_ER_IRQHandler
                0x08000a1c                DMA1_Channel2_IRQHandler
                0x08000a1c                CAN1_SCE_IRQHandler
                0x08000a1c                FLASH_IRQHandler
                0x08000a1c                USART1_IRQHandler
                0x08000a1c                I2C1_ER_IRQHandler
                0x08000a1c                USBWakeUp_IRQHandler
 *fill*         0x08000a1e        0x2 
 .text.HAL_Init
                0x08000a20       0x2c ./Drivers/STM32F1xx_HAL_Driver/Src/stm32f1xx_hal.o
                0x08000a20                HAL_Init
 .text.HAL_InitTick
                0x08000a4c       0x60 ./Drivers/STM32F1xx_HAL_Driver/Src/stm32f1xx_hal.o
                0x08000a4c                HAL_InitTick
 .text.HAL_IncTick
                0x08000aac       0x24 ./Drivers/STM32F1xx_HAL_Driver/Src/stm32f1xx_hal.o
                0x08000aac                HAL_IncTick
 .text.HAL_GetTick
                0x08000ad0       0x14 ./Drivers/STM32F1xx_HAL_Driver/Src/stm32f1xx_hal.o
                0x08000ad0                HAL_GetTick
 .text.__NVIC_SetPriorityGrouping
                0x08000ae4       0x48 ./Drivers/STM32F1xx_HAL_Driver/Src/stm32f1xx_hal_cortex.o
 .text.__NVIC_GetPriorityGrouping
                0x08000b2c       0x1c ./Drivers/STM32F1xx_HAL_Driver/Src/stm32f1xx_hal_cortex.o
 .text.__NVIC_SetPriority
                0x08000b48       0x54 ./Drivers/STM32F1xx_HAL_Driver/Src/stm32f1xx_hal_cortex.o
 .text.NVIC_EncodePriority
                0x08000b9c       0x64 ./Drivers/STM32F1xx_HAL_Driver/Src/stm32f1xx_hal_cortex.o
 .text.SysTick_Config
                0x08000c00       0x44 ./Drivers/STM32F1xx_HAL_Driver/Src/stm32f1xx_hal_cortex.o
 .text.HAL_NVIC_SetPriorityGrouping
                0x08000c44       0x16 ./Drivers/STM32F1xx_HAL_Driver/Src/stm32f1xx_hal_cortex.o
                0x08000c44                HAL_NVIC_SetPriorityGrouping
 .text.HAL_NVIC_SetPriority
                0x08000c5a       0x38 ./Drivers/STM32F1xx_HAL_Driver/Src/stm32f1xx_hal_cortex.o
                0x08000c5a                HAL_NVIC_SetPriority
 .text.HAL_SYSTICK_Config
                0x08000c92       0x18 ./Drivers/STM32F1xx_HAL_Driver/Src/stm32f1xx_hal_cortex.o
                0x08000c92                HAL_SYSTICK_Config
 *fill*         0x08000caa        0x2 
 .text.HAL_GPIO_Init
                0x08000cac      0x308 ./Drivers/STM32F1xx_HAL_Driver/Src/stm32f1xx_hal_gpio.o
                0x08000cac                HAL_GPIO_Init
 .text.HAL_GPIO_ReadPin
                0x08000fb4       0x2e ./Drivers/STM32F1xx_HAL_Driver/Src/stm32f1xx_hal_gpio.o
                0x08000fb4                HAL_GPIO_ReadPin
 .text.HAL_GPIO_WritePin
                0x08000fe2       0x30 ./Drivers/STM32F1xx_HAL_Driver/Src/stm32f1xx_hal_gpio.o
                0x08000fe2                HAL_GPIO_WritePin
 .text.HAL_GPIO_TogglePin
                0x08001012       0x32 ./Drivers/STM32F1xx_HAL_Driver/Src/stm32f1xx_hal_gpio.o
                0x08001012                HAL_GPIO_TogglePin
 .text.HAL_PWR_EnterSLEEPMode
                0x08001044       0x38 ./Drivers/STM32F1xx_HAL_Driver/Src/stm32f1xx_hal_pwr.o
                0x08001044                HAL_PWR_EnterSLEEPMode
 .text.HAL_RCC_OscConfig
                0x0800107c      0x504 ./Drivers/STM32F1xx_HAL_Driver/Src/stm32f1xx_hal_rcc.o
                0x0800107c                HAL_RCC_OscConfig
 .text.HAL_RCC_ClockConfig
                0x08001580      0x1d4 ./Drivers/STM32F1xx_HAL_Driver/Src/stm32f1xx_hal_rcc.o
                0x08001580                HAL_RCC_ClockConfig
 .text.HAL_RCC_GetSysClockFreq
                0x08001754       0xa8 ./Drivers/STM32F1xx_HAL_Driver/Src/stm32f1xx_hal_rcc.o
                0x08001754                HAL_RCC_GetSysClockFreq
 .text.RCC_Delay
                0x080017fc       0x3c ./Drivers/STM32F1xx_HAL_Driver/Src/stm32f1xx_hal_rcc.o
 .text.memset   0x08001838       0x10 D:/stm3332/STM32CubeIDE_1.15.0/STM32CubeIDE/plugins/com.st.stm32cube.ide.mcu.externaltools.gnu-tools-for-stm32.12.3.rel1.win32_1.0.100.202403111256/tools/bin/../lib/gcc/arm-none-eabi/12.3.1/../../../../arm-none-eabi/lib/thumb/v7-m/nofp\libc_nano.a(libc_a-memset.o)
                0x08001838                memset
 .text.__libc_init_array
                0x08001848       0x48 D:/stm3332/STM32CubeIDE_1.15.0/STM32CubeIDE/plugins/com.st.stm32cube.ide.mcu.externaltools.gnu-tools-for-stm32.12.3.rel1.win32_1.0.100.202403111256/tools/bin/../lib/gcc/arm-none-eabi/12.3.1/../../../../arm-none-eabi/lib/thumb/v7-m/nofp\libc_nano.a(libc_a-init.o)
                0x08001848                __libc_init_array
 *(.glue_7)
 .glue_7        0x08001890        0x0 linker stubs
 *(.glue_7t)
 .glue_7t       0x08001890        0x0 linker stubs
 *(.eh_frame)
 .eh_frame      0x08001890        0x0 D:/stm3332/STM32CubeIDE_1.15.0/STM32CubeIDE/plugins/com.st.stm32cube.ide.mcu.externaltools.gnu-tools-for-stm32.12.3.rel1.win32_1.0.100.202403111256/tools/bin/../lib/gcc/arm-none-eabi/12.3.1/thumb/v7-m/nofp/crtbegin.o
 *(.init)
 .init          0x08001890        0x4 D:/stm3332/STM32CubeIDE_1.15.0/STM32CubeIDE/plugins/com.st.stm32cube.ide.mcu.externaltools.gnu-tools-for-stm32.12.3.rel1.win32_1.0.100.202403111256/tools/bin/../lib/gcc/arm-none-eabi/12.3.1/thumb/v7-m/nofp/crti.o
                0x08001890                _init
 .init          0x08001894        0x8 D:/stm3332/STM32CubeIDE_1.15.0/STM32CubeIDE/plugins/com.st.stm32cube.ide.mcu.externaltools.gnu-tools-for-stm32.12.3.rel1.win32_1.0.100.202403111256/tools/bin/../lib/gcc/arm-none-eabi/12.3.1/thumb/v7-m/nofp/crtn.o
 *(.fini)
 .fini          0x0800189c        0x4 D:/stm3332/STM32CubeIDE_1.15.0/STM32CubeIDE/plugins/com.st.stm32cube.ide.mcu.externaltools.gnu-tools-for-stm32.12.3.rel1.win32_1.0.100.202403111256/tools/bin/../lib/gcc/arm-none-eabi/12.3.1/thumb/v7-m/nofp/crti.o
                0x0800189c                _fini
 .fini          0x080018a0        0x8 D:/stm3332/STM32CubeIDE_1.15.0/STM32CubeIDE/plugins/com.st.stm32cube.ide.mcu.externaltools.gnu-tools-for-stm32.12.3.rel1.win32_1.0.100.202403111256/tools/bin/../lib/gcc/arm-none-eabi/12.3.1/thumb/v7-m/nofp/crtn.o
                0x080018a8                        . = ALIGN (0x4)
                0x080018a8                        _etext = .

.vfp11_veneer   0x080018a8        0x0
 .vfp11_veneer  0x080018a8        0x0 linker stubs

.v4_bx          0x080018a8        0x0
 .v4_bx         0x080018a8        0x0 linker stubs

.iplt           0x080018a8        0x0
 .iplt          0x080018a8        0x0 D:/stm3332/STM32CubeIDE_1.15.0/STM32CubeIDE/plugins/com.st.stm32cube.ide.mcu.externaltools.gnu-tools-for-stm32.12.3.rel1.win32_1.0.100.202403111256/tools/bin/../lib/gcc/arm-none-eabi/12.3.1/thumb/v7-m/nofp/crtbegin.o

.rodata         0x080018a8       0x24
                0x080018a8                        . = ALIGN (0x4)
 *(.rodata)
 *(.rodata*)
 .rodata.AHBPrescTable
                0x080018a8       0x10 ./Core/Src/system_stm32f1xx.o
                0x080018a8                AHBPrescTable
 .rodata.aPLLMULFactorTable.1
                0x080018b8       0x10 ./Drivers/STM32F1xx_HAL_Driver/Src/stm32f1xx_hal_rcc.o
 .rodata.aPredivFactorTable.0
                0x080018c8        0x2 ./Drivers/STM32F1xx_HAL_Driver/Src/stm32f1xx_hal_rcc.o
                0x080018cc                        . = ALIGN (0x4)
 *fill*         0x080018ca        0x2 

.ARM.extab      0x080018cc        0x0
                0x080018cc                        . = ALIGN (0x4)
 *(.ARM.extab* .gnu.linkonce.armextab.*)
                0x080018cc                        . = ALIGN (0x4)

.ARM            0x080018cc        0x0
                0x080018cc                        . = ALIGN (0x4)
                0x080018cc                        __exidx_start = .
 *(.ARM.exidx*)
                0x080018cc                        __exidx_end = .
                0x080018cc                        . = ALIGN (0x4)

.preinit_array  0x080018cc        0x0
                0x080018cc                        . = ALIGN (0x4)
                0x080018cc                        PROVIDE (__preinit_array_start = .)
 *(.preinit_array*)
                0x080018cc                        PROVIDE (__preinit_array_end = .)
                0x080018cc                        . = ALIGN (0x4)

.init_array     0x080018cc        0x4
                0x080018cc                        . = ALIGN (0x4)
                0x080018cc                        PROVIDE (__init_array_start = .)
 *(SORT_BY_NAME(.init_array.*))
 *(.init_array*)
 .init_array    0x080018cc        0x4 D:/stm3332/STM32CubeIDE_1.15.0/STM32CubeIDE/plugins/com.st.stm32cube.ide.mcu.externaltools.gnu-tools-for-stm32.12.3.rel1.win32_1.0.100.202403111256/tools/bin/../lib/gcc/arm-none-eabi/12.3.1/thumb/v7-m/nofp/crtbegin.o
                0x080018d0                        PROVIDE (__init_array_end = .)
                0x080018d0                        . = ALIGN (0x4)

.fini_array     0x080018d0        0x4
                0x080018d0                        . = ALIGN (0x4)
                [!provide]                        PROVIDE (__fini_array_start = .)
 *(SORT_BY_NAME(.fini_array.*))
 *(.fini_array*)
 .fini_array    0x080018d0        0x4 D:/stm3332/STM32CubeIDE_1.15.0/STM32CubeIDE/plugins/com.st.stm32cube.ide.mcu.externaltools.gnu-tools-for-stm32.12.3.rel1.win32_1.0.100.202403111256/tools/bin/../lib/gcc/arm-none-eabi/12.3.1/thumb/v7-m/nofp/crtbegin.o
                [!provide]                        PROVIDE (__fini_array_end = .)
                0x080018d4                        . = ALIGN (0x4)
                0x080018d4                        _sidata = LOADADDR (.data)

.rel.dyn        0x080018d4        0x0
 .rel.iplt      0x080018d4        0x0 D:/stm3332/STM32CubeIDE_1.15.0/STM32CubeIDE/plugins/com.st.stm32cube.ide.mcu.externaltools.gnu-tools-for-stm32.12.3.rel1.win32_1.0.100.202403111256/tools/bin/../lib/gcc/arm-none-eabi/12.3.1/thumb/v7-m/nofp/crtbegin.o

.data           0x20000000      0x10c load address 0x080018d4
                0x20000000                        . = ALIGN (0x4)
                0x20000000                        _sdata = .
 *(.data)
 *(.data*)
 .data.LEDOffTransitions
                0x20000000        0x8 ./Core/Src/blink_control.o
 .data.LEDOnTransitions
                0x20000008        0x8 ./Core/Src/blink_control.o
 .data.BlinkFSMStates
                0x20000010       0x18 ./Core/Src/blink_control.o
 .data.IdleTransitions
                0x20000028        0x8 ./Core/Src/debouncer.o
 .data.PressedTransitions
                0x20000030        0x8 ./Core/Src/debouncer.o
 .data.ReleasedTransitions
                0x20000038        0x8 ./Core/Src/debouncer.o
 .data.DebouncedSwitchFSM
                0x20000040       0x24 ./Core/Src/debouncer.o
 .data.IdleHighTransitions
                0x20000064        0x8 ./Core/Src/edge_detector.o
 .data.IdleLowTransitions
                0x2000006c        0x8 ./Core/Src/edge_detector.o
 .data.RisingEdgeTransitions
                0x20000074       0x10 ./Core/Src/edge_detector.o
 .data.FallingEdgeTransitions
                0x20000084       0x10 ./Core/Src/edge_detector.o
 .data.EdgeFSMStates
                0x20000094       0x30 ./Core/Src/edge_detector.o
 .data.SystemCoreClock
                0x200000c4        0x4 ./Core/Src/system_stm32f1xx.o
                0x200000c4                SystemCoreClock
 .data.Period1Transitions
                0x200000c8        0x8 ./Core/Src/timer_period_manager.o
 .data.Period2Transitions
                0x200000d0        0x8 ./Core/Src/timer_period_manager.o
 .data.Period3Transitions
                0x200000d8        0x8 ./Core/Src/timer_period_manager.o
 .data.PeriodManagerStates
                0x200000e0       0x24 ./Core/Src/timer_period_manager.o
 .data.uwTickPrio
                0x20000104        0x4 ./Drivers/STM32F1xx_HAL_Driver/Src/stm32f1xx_hal.o
                0x20000104                uwTickPrio
 .data.uwTickFreq
                0x20000108        0x1 ./Drivers/STM32F1xx_HAL_Driver/Src/stm32f1xx_hal.o
                0x20000108                uwTickFreq
 *(.RamFunc)
 *(.RamFunc*)
                0x2000010c                        . = ALIGN (0x4)
 *fill*         0x20000109        0x3 
                0x2000010c                        _edata = .

.igot.plt       0x2000010c        0x0 load address 0x080019e0
 .igot.plt      0x2000010c        0x0 D:/stm3332/STM32CubeIDE_1.15.0/STM32CubeIDE/plugins/com.st.stm32cube.ide.mcu.externaltools.gnu-tools-for-stm32.12.3.rel1.win32_1.0.100.202403111256/tools/bin/../lib/gcc/arm-none-eabi/12.3.1/thumb/v7-m/nofp/crtbegin.o
                0x2000010c                        . = ALIGN (0x4)

.bss            0x2000010c       0xe4 load address 0x080019e0
                0x2000010c                        _sbss = .
                0x2000010c                        __bss_start__ = _sbss
 *(.bss)
 .bss           0x2000010c       0x1c D:/stm3332/STM32CubeIDE_1.15.0/STM32CubeIDE/plugins/com.st.stm32cube.ide.mcu.externaltools.gnu-tools-for-stm32.12.3.rel1.win32_1.0.100.202403111256/tools/bin/../lib/gcc/arm-none-eabi/12.3.1/thumb/v7-m/nofp/crtbegin.o
 *(.bss*)
 .bss.tick      0x20000128        0x8 ./Core/Src/main.o
                0x20000128                tick
 .bss.bandera   0x20000130        0x4 ./Core/Src/main.o
                0x20000130                bandera
 .bss.debounced_button1
                0x20000134       0x1c ./Core/Src/main.o
                0x20000134                debounced_button1
 .bss.debounced_button2
                0x20000150       0x1c ./Core/Src/main.o
                0x20000150                debounced_button2
 .bss.edge_detector1
                0x2000016c       0x10 ./Core/Src/main.o
                0x2000016c                edge_detector1
 .bss.edge_detector2
                0x2000017c       0x10 ./Core/Src/main.o
                0x2000017c                edge_detector2
 .bss.blink_control_led1
                0x2000018c       0x1c ./Core/Src/main.o
                0x2000018c                blink_control_led1
 .bss.blink_control_led2
                0x200001a8       0x1c ./Core/Src/main.o
                0x200001a8                blink_control_led2
 .bss.period_manager1
                0x200001c4       0x14 ./Core/Src/main.o
                0x200001c4                period_manager1
 .bss.period_manager2
                0x200001d8       0x14 ./Core/Src/main.o
                0x200001d8                period_manager2
 .bss.uwTick    0x200001ec        0x4 ./Drivers/STM32F1xx_HAL_Driver/Src/stm32f1xx_hal.o
                0x200001ec                uwTick
 *(COMMON)
                0x200001f0                        . = ALIGN (0x4)
                0x200001f0                        _ebss = .
                0x200001f0                        __bss_end__ = _ebss

._user_heap_stack
                0x200001f0      0x600 load address 0x080019e0
                0x200001f0                        . = ALIGN (0x8)
                [!provide]                        PROVIDE (end = .)
                0x200001f0                        PROVIDE (_end = .)
                0x200003f0                        . = (. + _Min_Heap_Size)
 *fill*         0x200001f0      0x200 
                0x200007f0                        . = (. + _Min_Stack_Size)
 *fill*         0x200003f0      0x400 
                0x200007f0                        . = ALIGN (0x8)

/DISCARD/
 libc.a(*)
 libm.a(*)
 libgcc.a(*)

.ARM.attributes
                0x00000000       0x29
 *(.ARM.attributes)
 .ARM.attributes
                0x00000000       0x1d D:/stm3332/STM32CubeIDE_1.15.0/STM32CubeIDE/plugins/com.st.stm32cube.ide.mcu.externaltools.gnu-tools-for-stm32.12.3.rel1.win32_1.0.100.202403111256/tools/bin/../lib/gcc/arm-none-eabi/12.3.1/thumb/v7-m/nofp/crti.o
 .ARM.attributes
                0x0000001d       0x2d D:/stm3332/STM32CubeIDE_1.15.0/STM32CubeIDE/plugins/com.st.stm32cube.ide.mcu.externaltools.gnu-tools-for-stm32.12.3.rel1.win32_1.0.100.202403111256/tools/bin/../lib/gcc/arm-none-eabi/12.3.1/thumb/v7-m/nofp/crtbegin.o
 .ARM.attributes
                0x0000004a       0x2d ./Core/Src/blink_control.o
 .ARM.attributes
                0x00000077       0x2d ./Core/Src/debouncer.o
 .ARM.attributes
                0x000000a4       0x2d ./Core/Src/edge_detector.o
 .ARM.attributes
                0x000000d1       0x2d ./Core/Src/fsm.o
 .ARM.attributes
                0x000000fe       0x2d ./Core/Src/main.o
 .ARM.attributes
                0x0000012b       0x2d ./Core/Src/stm32f1xx_hal_msp.o
 .ARM.attributes
                0x00000158       0x2d ./Core/Src/stm32f1xx_it.o
 .ARM.attributes
                0x00000185       0x2d ./Core/Src/system_stm32f1xx.o
 .ARM.attributes
                0x000001b2       0x2d ./Core/Src/timer.o
 .ARM.attributes
                0x000001df       0x2d ./Core/Src/timer_period_manager.o
 .ARM.attributes
                0x0000020c       0x21 ./Core/Startup/startup_stm32f103c8tx.o
 .ARM.attributes
                0x0000022d       0x2d ./Drivers/STM32F1xx_HAL_Driver/Src/stm32f1xx_hal.o
 .ARM.attributes
                0x0000025a       0x2d ./Drivers/STM32F1xx_HAL_Driver/Src/stm32f1xx_hal_cortex.o
 .ARM.attributes
                0x00000287       0x2d ./Drivers/STM32F1xx_HAL_Driver/Src/stm32f1xx_hal_gpio.o
 .ARM.attributes
                0x000002b4       0x2d ./Drivers/STM32F1xx_HAL_Driver/Src/stm32f1xx_hal_pwr.o
 .ARM.attributes
                0x000002e1       0x2d ./Drivers/STM32F1xx_HAL_Driver/Src/stm32f1xx_hal_rcc.o
 .ARM.attributes
                0x0000030e       0x2d D:/stm3332/STM32CubeIDE_1.15.0/STM32CubeIDE/plugins/com.st.stm32cube.ide.mcu.externaltools.gnu-tools-for-stm32.12.3.rel1.win32_1.0.100.202403111256/tools/bin/../lib/gcc/arm-none-eabi/12.3.1/../../../../arm-none-eabi/lib/thumb/v7-m/nofp\libc_nano.a(libc_a-memset.o)
 .ARM.attributes
                0x0000033b       0x2d D:/stm3332/STM32CubeIDE_1.15.0/STM32CubeIDE/plugins/com.st.stm32cube.ide.mcu.externaltools.gnu-tools-for-stm32.12.3.rel1.win32_1.0.100.202403111256/tools/bin/../lib/gcc/arm-none-eabi/12.3.1/../../../../arm-none-eabi/lib/thumb/v7-m/nofp\libc_nano.a(libc_a-init.o)
 .ARM.attributes
                0x00000368       0x1d D:/stm3332/STM32CubeIDE_1.15.0/STM32CubeIDE/plugins/com.st.stm32cube.ide.mcu.externaltools.gnu-tools-for-stm32.12.3.rel1.win32_1.0.100.202403111256/tools/bin/../lib/gcc/arm-none-eabi/12.3.1/thumb/v7-m/nofp/crtn.o
OUTPUT(FSM_Semaforo_Tobias_Diego.elf elf32-littlearm)
LOAD linker stubs
LOAD D:/stm3332/STM32CubeIDE_1.15.0/STM32CubeIDE/plugins/com.st.stm32cube.ide.mcu.externaltools.gnu-tools-for-stm32.12.3.rel1.win32_1.0.100.202403111256/tools/bin/../lib/gcc/arm-none-eabi/12.3.1/../../../../arm-none-eabi/lib/thumb/v7-m/nofp\libc.a
LOAD D:/stm3332/STM32CubeIDE_1.15.0/STM32CubeIDE/plugins/com.st.stm32cube.ide.mcu.externaltools.gnu-tools-for-stm32.12.3.rel1.win32_1.0.100.202403111256/tools/bin/../lib/gcc/arm-none-eabi/12.3.1/../../../../arm-none-eabi/lib/thumb/v7-m/nofp\libm.a
LOAD D:/stm3332/STM32CubeIDE_1.15.0/STM32CubeIDE/plugins/com.st.stm32cube.ide.mcu.externaltools.gnu-tools-for-stm32.12.3.rel1.win32_1.0.100.202403111256/tools/bin/../lib/gcc/arm-none-eabi/12.3.1/thumb/v7-m/nofp\libgcc.a

.debug_info     0x00000000     0x4be3
 .debug_info    0x00000000      0x4ff ./Core/Src/blink_control.o
 .debug_info    0x000004ff      0x543 ./Core/Src/debouncer.o
 .debug_info    0x00000a42      0x557 ./Core/Src/edge_detector.o
 .debug_info    0x00000f99      0x21e ./Core/Src/fsm.o
 .debug_info    0x000011b7      0x8e5 ./Core/Src/main.o
 .debug_info    0x00001a9c      0x1f1 ./Core/Src/stm32f1xx_hal_msp.o
 .debug_info    0x00001c8d      0x113 ./Core/Src/stm32f1xx_it.o
 .debug_info    0x00001da0      0x222 ./Core/Src/system_stm32f1xx.o
 .debug_info    0x00001fc2      0x17f ./Core/Src/timer.o
 .debug_info    0x00002141      0x53f ./Core/Src/timer_period_manager.o
 .debug_info    0x00002680       0x30 ./Core/Startup/startup_stm32f103c8tx.o
 .debug_info    0x000026b0      0x704 ./Drivers/STM32F1xx_HAL_Driver/Src/stm32f1xx_hal.o
 .debug_info    0x00002db4      0xa87 ./Drivers/STM32F1xx_HAL_Driver/Src/stm32f1xx_hal_cortex.o
 .debug_info    0x0000383b      0x5ab ./Drivers/STM32F1xx_HAL_Driver/Src/stm32f1xx_hal_gpio.o
 .debug_info    0x00003de6      0x628 ./Drivers/STM32F1xx_HAL_Driver/Src/stm32f1xx_hal_pwr.o
 .debug_info    0x0000440e      0x7d5 ./Drivers/STM32F1xx_HAL_Driver/Src/stm32f1xx_hal_rcc.o

.debug_abbrev   0x00000000     0x19f1
 .debug_abbrev  0x00000000      0x1b1 ./Core/Src/blink_control.o
 .debug_abbrev  0x000001b1      0x1eb ./Core/Src/debouncer.o
 .debug_abbrev  0x0000039c      0x209 ./Core/Src/edge_detector.o
 .debug_abbrev  0x000005a5      0x131 ./Core/Src/fsm.o
 .debug_abbrev  0x000006d6      0x251 ./Core/Src/main.o
 .debug_abbrev  0x00000927       0xdb ./Core/Src/stm32f1xx_hal_msp.o
 .debug_abbrev  0x00000a02       0x73 ./Core/Src/stm32f1xx_it.o
 .debug_abbrev  0x00000a75      0x13f ./Core/Src/system_stm32f1xx.o
 .debug_abbrev  0x00000bb4       0xf9 ./Core/Src/timer.o
 .debug_abbrev  0x00000cad      0x1b4 ./Core/Src/timer_period_manager.o
 .debug_abbrev  0x00000e61       0x24 ./Core/Startup/startup_stm32f103c8tx.o
 .debug_abbrev  0x00000e85      0x201 ./Drivers/STM32F1xx_HAL_Driver/Src/stm32f1xx_hal.o
 .debug_abbrev  0x00001086      0x2f8 ./Drivers/STM32F1xx_HAL_Driver/Src/stm32f1xx_hal_cortex.o
 .debug_abbrev  0x0000137e      0x1ca ./Drivers/STM32F1xx_HAL_Driver/Src/stm32f1xx_hal_gpio.o
 .debug_abbrev  0x00001548      0x1f6 ./Drivers/STM32F1xx_HAL_Driver/Src/stm32f1xx_hal_pwr.o
 .debug_abbrev  0x0000173e      0x2b3 ./Drivers/STM32F1xx_HAL_Driver/Src/stm32f1xx_hal_rcc.o

.debug_aranges  0x00000000      0x620
 .debug_aranges
                0x00000000       0x48 ./Core/Src/blink_control.o
 .debug_aranges
                0x00000048       0x58 ./Core/Src/debouncer.o
 .debug_aranges
                0x000000a0       0x60 ./Core/Src/edge_detector.o
 .debug_aranges
                0x00000100       0x28 ./Core/Src/fsm.o
 .debug_aranges
                0x00000128       0x38 ./Core/Src/main.o
 .debug_aranges
                0x00000160       0x20 ./Core/Src/stm32f1xx_hal_msp.o
 .debug_aranges
                0x00000180       0x60 ./Core/Src/stm32f1xx_it.o
 .debug_aranges
                0x000001e0       0x28 ./Core/Src/system_stm32f1xx.o
 .debug_aranges
                0x00000208       0x38 ./Core/Src/timer.o
 .debug_aranges
                0x00000240       0x48 ./Core/Src/timer_period_manager.o
 .debug_aranges
                0x00000288       0x28 ./Core/Startup/startup_stm32f103c8tx.o
 .debug_aranges
                0x000002b0       0xe0 ./Drivers/STM32F1xx_HAL_Driver/Src/stm32f1xx_hal.o
 .debug_aranges
                0x00000390      0x100 ./Drivers/STM32F1xx_HAL_Driver/Src/stm32f1xx_hal_cortex.o
 .debug_aranges
                0x00000490       0x58 ./Drivers/STM32F1xx_HAL_Driver/Src/stm32f1xx_hal_gpio.o
 .debug_aranges
                0x000004e8       0xa8 ./Drivers/STM32F1xx_HAL_Driver/Src/stm32f1xx_hal_pwr.o
 .debug_aranges
                0x00000590       0x90 ./Drivers/STM32F1xx_HAL_Driver/Src/stm32f1xx_hal_rcc.o

.debug_rnglists
                0x00000000      0x454
 .debug_rnglists
                0x00000000       0x31 ./Core/Src/blink_control.o
 .debug_rnglists
                0x00000031       0x3d ./Core/Src/debouncer.o
 .debug_rnglists
                0x0000006e       0x43 ./Core/Src/edge_detector.o
 .debug_rnglists
                0x000000b1       0x1a ./Core/Src/fsm.o
 .debug_rnglists
                0x000000cb       0x27 ./Core/Src/main.o
 .debug_rnglists
                0x000000f2       0x13 ./Core/Src/stm32f1xx_hal_msp.o
 .debug_rnglists
                0x00000105       0x43 ./Core/Src/stm32f1xx_it.o
 .debug_rnglists
                0x00000148       0x1a ./Core/Src/system_stm32f1xx.o
 .debug_rnglists
                0x00000162       0x25 ./Core/Src/timer.o
 .debug_rnglists
                0x00000187       0x31 ./Core/Src/timer_period_manager.o
 .debug_rnglists
                0x000001b8       0x19 ./Core/Startup/startup_stm32f103c8tx.o
 .debug_rnglists
                0x000001d1       0xa3 ./Drivers/STM32F1xx_HAL_Driver/Src/stm32f1xx_hal.o
 .debug_rnglists
                0x00000274       0xbb ./Drivers/STM32F1xx_HAL_Driver/Src/stm32f1xx_hal_cortex.o
 .debug_rnglists
                0x0000032f       0x3f ./Drivers/STM32F1xx_HAL_Driver/Src/stm32f1xx_hal_gpio.o
 .debug_rnglists
                0x0000036e       0x7a ./Drivers/STM32F1xx_HAL_Driver/Src/stm32f1xx_hal_pwr.o
 .debug_rnglists
                0x000003e8       0x6c ./Drivers/STM32F1xx_HAL_Driver/Src/stm32f1xx_hal_rcc.o

.debug_macro    0x00000000    0x1706a
 .debug_macro   0x00000000      0x1b9 ./Core/Src/blink_control.o
 .debug_macro   0x000001b9      0xaa8 ./Core/Src/blink_control.o
 .debug_macro   0x00000c61       0x22 ./Core/Src/blink_control.o
 .debug_macro   0x00000c83       0x8e ./Core/Src/blink_control.o
 .debug_macro   0x00000d11       0x51 ./Core/Src/blink_control.o
 .debug_macro   0x00000d62      0x103 ./Core/Src/blink_control.o
 .debug_macro   0x00000e65       0x6a ./Core/Src/blink_control.o
 .debug_macro   0x00000ecf      0x1df ./Core/Src/blink_control.o
 .debug_macro   0x000010ae      0x20f ./Core/Src/blink_control.o
 .debug_macro   0x000012bd       0x2e ./Core/Src/blink_control.o
 .debug_macro   0x000012eb       0x22 ./Core/Src/blink_control.o
 .debug_macro   0x0000130d       0x1c ./Core/Src/blink_control.o
 .debug_macro   0x00001329       0x22 ./Core/Src/blink_control.o
 .debug_macro   0x0000134b       0xbd ./Core/Src/blink_control.o
 .debug_macro   0x00001408      0xd23 ./Core/Src/blink_control.o
 .debug_macro   0x0000212b     0xe09e ./Core/Src/blink_control.o
 .debug_macro   0x000101c9       0x6d ./Core/Src/blink_control.o
 .debug_macro   0x00010236     0x34a2 ./Core/Src/blink_control.o
 .debug_macro   0x000136d8      0x189 ./Core/Src/blink_control.o
 .debug_macro   0x00013861       0x5c ./Core/Src/blink_control.o
 .debug_macro   0x000138bd      0x5bc ./Core/Src/blink_control.o
 .debug_macro   0x00013e79      0x289 ./Core/Src/blink_control.o
 .debug_macro   0x00014102      0x1cb ./Core/Src/blink_control.o
 .debug_macro   0x000142cd      0x114 ./Core/Src/blink_control.o
 .debug_macro   0x000143e1      0x1b2 ./Core/Src/blink_control.o
 .debug_macro   0x00014593       0x27 ./Core/Src/blink_control.o
 .debug_macro   0x000145ba      0x136 ./Core/Src/blink_control.o
 .debug_macro   0x000146f0      0x1bc ./Core/Src/blink_control.o
 .debug_macro   0x000148ac       0x34 ./Core/Src/blink_control.o
 .debug_macro   0x000148e0       0x3c ./Core/Src/blink_control.o
 .debug_macro   0x0001491c       0x57 ./Core/Src/blink_control.o
 .debug_macro   0x00014973       0x87 ./Core/Src/blink_control.o
 .debug_macro   0x000149fa      0x240 ./Core/Src/blink_control.o
 .debug_macro   0x00014c3a      0x140 ./Core/Src/blink_control.o
 .debug_macro   0x00014d7a       0x83 ./Core/Src/blink_control.o
 .debug_macro   0x00014dfd       0x34 ./Core/Src/blink_control.o
 .debug_macro   0x00014e31      0x1b5 ./Core/Src/debouncer.o
 .debug_macro   0x00014fe6      0x1bb ./Core/Src/edge_detector.o
 .debug_macro   0x000151a1      0x19d ./Core/Src/fsm.o
 .debug_macro   0x0001533e      0x2de ./Core/Src/main.o
 .debug_macro   0x0001561c       0x61 ./Core/Src/main.o
 .debug_macro   0x0001567d       0x24 ./Core/Src/main.o
 .debug_macro   0x000156a1       0x43 ./Core/Src/main.o
 .debug_macro   0x000156e4       0x34 ./Core/Src/main.o
 .debug_macro   0x00015718       0x16 ./Core/Src/main.o
 .debug_macro   0x0001572e       0x43 ./Core/Src/main.o
 .debug_macro   0x00015771       0x34 ./Core/Src/main.o
 .debug_macro   0x000157a5       0x10 ./Core/Src/main.o
 .debug_macro   0x000157b5       0x58 ./Core/Src/main.o
 .debug_macro   0x0001580d       0x8e ./Core/Src/main.o
 .debug_macro   0x0001589b       0x1c ./Core/Src/main.o
 .debug_macro   0x000158b7      0x177 ./Core/Src/main.o
 .debug_macro   0x00015a2e      0x369 ./Core/Src/main.o
 .debug_macro   0x00015d97       0x10 ./Core/Src/main.o
 .debug_macro   0x00015da7       0x35 ./Core/Src/main.o
 .debug_macro   0x00015ddc       0x20 ./Core/Src/main.o
 .debug_macro   0x00015dfc       0x1c ./Core/Src/main.o
 .debug_macro   0x00015e18       0x10 ./Core/Src/main.o
 .debug_macro   0x00015e28       0x1c ./Core/Src/main.o
 .debug_macro   0x00015e44       0x16 ./Core/Src/main.o
 .debug_macro   0x00015e5a      0x146 ./Core/Src/main.o
 .debug_macro   0x00015fa0       0x16 ./Core/Src/main.o
 .debug_macro   0x00015fb6      0x193 ./Core/Src/stm32f1xx_hal_msp.o
 .debug_macro   0x00016149      0x19d ./Core/Src/stm32f1xx_it.o
 .debug_macro   0x000162e6      0x184 ./Core/Src/system_stm32f1xx.o
 .debug_macro   0x0001646a      0x1a1 ./Core/Src/timer.o
 .debug_macro   0x0001660b      0x1ca ./Core/Src/timer_period_manager.o
 .debug_macro   0x000167d5      0x1a8 ./Drivers/STM32F1xx_HAL_Driver/Src/stm32f1xx_hal.o
 .debug_macro   0x0001697d      0x184 ./Drivers/STM32F1xx_HAL_Driver/Src/stm32f1xx_hal_cortex.o
 .debug_macro   0x00016b01      0x1ef ./Drivers/STM32F1xx_HAL_Driver/Src/stm32f1xx_hal_gpio.o
 .debug_macro   0x00016cf0      0x1e4 ./Drivers/STM32F1xx_HAL_Driver/Src/stm32f1xx_hal_pwr.o
 .debug_macro   0x00016ed4      0x196 ./Drivers/STM32F1xx_HAL_Driver/Src/stm32f1xx_hal_rcc.o

.debug_line     0x00000000     0x8128
 .debug_line    0x00000000      0x748 ./Core/Src/blink_control.o
 .debug_line    0x00000748      0x7bd ./Core/Src/debouncer.o
 .debug_line    0x00000f05      0x791 ./Core/Src/edge_detector.o
 .debug_line    0x00001696      0x719 ./Core/Src/fsm.o
 .debug_line    0x00001daf      0xaea ./Core/Src/main.o
 .debug_line    0x00002899      0x6a1 ./Core/Src/stm32f1xx_hal_msp.o
 .debug_line    0x00002f3a      0x762 ./Core/Src/stm32f1xx_it.o
 .debug_line    0x0000369c      0x71e ./Core/Src/system_stm32f1xx.o
 .debug_line    0x00003dba      0x6f7 ./Core/Src/timer.o
 .debug_line    0x000044b1      0x778 ./Core/Src/timer_period_manager.o
 .debug_line    0x00004c29       0x78 ./Core/Startup/startup_stm32f103c8tx.o
 .debug_line    0x00004ca1      0x94b ./Drivers/STM32F1xx_HAL_Driver/Src/stm32f1xx_hal.o
 .debug_line    0x000055ec      0xb37 ./Drivers/STM32F1xx_HAL_Driver/Src/stm32f1xx_hal_cortex.o
 .debug_line    0x00006123      0x9e4 ./Drivers/STM32F1xx_HAL_Driver/Src/stm32f1xx_hal_gpio.o
 .debug_line    0x00006b07      0x8cd ./Drivers/STM32F1xx_HAL_Driver/Src/stm32f1xx_hal_pwr.o
 .debug_line    0x000073d4      0xd54 ./Drivers/STM32F1xx_HAL_Driver/Src/stm32f1xx_hal_rcc.o

.debug_str      0x00000000    0x800b0
 .debug_str     0x00000000    0x7aca6 ./Core/Src/blink_control.o
                              0x7b008 (size before relaxing)
 .debug_str     0x0007aca6      0x1b6 ./Core/Src/debouncer.o
                              0x7b057 (size before relaxing)
 .debug_str     0x0007ae5c      0x17e ./Core/Src/edge_detector.o
                              0x7b075 (size before relaxing)
 .debug_str     0x0007afda       0x32 ./Core/Src/fsm.o
                              0x7ae21 (size before relaxing)
 .debug_str     0x0007b00c     0x3ae5 ./Core/Src/main.o
                              0x7ead5 (size before relaxing)
 .debug_str     0x0007eaf1       0x5a ./Core/Src/stm32f1xx_hal_msp.o
                              0x7ae04 (size before relaxing)
 .debug_str     0x0007eb4b       0xc9 ./Core/Src/stm32f1xx_it.o
                              0x7ae19 (size before relaxing)
 .debug_str     0x0007ec14       0x7e ./Core/Src/system_stm32f1xx.o
                              0x7ad85 (size before relaxing)
 .debug_str     0x0007ec92       0x30 ./Core/Src/timer.o
                              0x7ae07 (size before relaxing)
 .debug_str     0x0007ecc2      0x113 ./Core/Src/timer_period_manager.o
                              0x7b0cc (size before relaxing)
 .debug_str     0x0007edd5       0x44 ./Core/Startup/startup_stm32f103c8tx.o
                                 0x7f (size before relaxing)
 .debug_str     0x0007ee19      0x605 ./Drivers/STM32F1xx_HAL_Driver/Src/stm32f1xx_hal.o
                              0x7b4b8 (size before relaxing)
 .debug_str     0x0007f41e      0x2bb ./Drivers/STM32F1xx_HAL_Driver/Src/stm32f1xx_hal_cortex.o
                              0x7b404 (size before relaxing)
 .debug_str     0x0007f6d9      0x2c3 ./Drivers/STM32F1xx_HAL_Driver/Src/stm32f1xx_hal_gpio.o
                              0x7b10b (size before relaxing)
 .debug_str     0x0007f99c      0x4f7 ./Drivers/STM32F1xx_HAL_Driver/Src/stm32f1xx_hal_pwr.o
                              0x7b2bc (size before relaxing)
 .debug_str     0x0007fe93      0x21d ./Drivers/STM32F1xx_HAL_Driver/Src/stm32f1xx_hal_rcc.o
                              0x7b1b4 (size before relaxing)

.comment        0x00000000       0x43
 .comment       0x00000000       0x43 ./Core/Src/blink_control.o
                                 0x44 (size before relaxing)
 .comment       0x00000043       0x44 ./Core/Src/debouncer.o
 .comment       0x00000043       0x44 ./Core/Src/edge_detector.o
 .comment       0x00000043       0x44 ./Core/Src/fsm.o
 .comment       0x00000043       0x44 ./Core/Src/main.o
 .comment       0x00000043       0x44 ./Core/Src/stm32f1xx_hal_msp.o
 .comment       0x00000043       0x44 ./Core/Src/stm32f1xx_it.o
 .comment       0x00000043       0x44 ./Core/Src/system_stm32f1xx.o
 .comment       0x00000043       0x44 ./Core/Src/timer.o
 .comment       0x00000043       0x44 ./Core/Src/timer_period_manager.o
 .comment       0x00000043       0x44 ./Drivers/STM32F1xx_HAL_Driver/Src/stm32f1xx_hal.o
 .comment       0x00000043       0x44 ./Drivers/STM32F1xx_HAL_Driver/Src/stm32f1xx_hal_cortex.o
 .comment       0x00000043       0x44 ./Drivers/STM32F1xx_HAL_Driver/Src/stm32f1xx_hal_gpio.o
 .comment       0x00000043       0x44 ./Drivers/STM32F1xx_HAL_Driver/Src/stm32f1xx_hal_pwr.o
 .comment       0x00000043       0x44 ./Drivers/STM32F1xx_HAL_Driver/Src/stm32f1xx_hal_rcc.o

.debug_frame    0x00000000     0x1508
 .debug_frame   0x00000000       0xe8 ./Core/Src/blink_control.o
 .debug_frame   0x000000e8      0x134 ./Core/Src/debouncer.o
 .debug_frame   0x0000021c      0x168 ./Core/Src/edge_detector.o
 .debug_frame   0x00000384       0x5c ./Core/Src/fsm.o
 .debug_frame   0x000003e0       0x8c ./Core/Src/main.o
 .debug_frame   0x0000046c       0x38 ./Core/Src/stm32f1xx_hal_msp.o
 .debug_frame   0x000004a4      0x104 ./Core/Src/stm32f1xx_it.o
 .debug_frame   0x000005a8       0x58 ./Core/Src/system_stm32f1xx.o
 .debug_frame   0x00000600       0xa4 ./Core/Src/timer.o
 .debug_frame   0x000006a4       0xe8 ./Core/Src/timer_period_manager.o
 .debug_frame   0x0000078c      0x334 ./Drivers/STM32F1xx_HAL_Driver/Src/stm32f1xx_hal.o
 .debug_frame   0x00000ac0      0x428 ./Drivers/STM32F1xx_HAL_Driver/Src/stm32f1xx_hal_cortex.o
 .debug_frame   0x00000ee8      0x14c ./Drivers/STM32F1xx_HAL_Driver/Src/stm32f1xx_hal_gpio.o
 .debug_frame   0x00001034      0x270 ./Drivers/STM32F1xx_HAL_Driver/Src/stm32f1xx_hal_pwr.o
 .debug_frame   0x000012a4      0x218 ./Drivers/STM32F1xx_HAL_Driver/Src/stm32f1xx_hal_rcc.o
 .debug_frame   0x000014bc       0x20 D:/stm3332/STM32CubeIDE_1.15.0/STM32CubeIDE/plugins/com.st.stm32cube.ide.mcu.externaltools.gnu-tools-for-stm32.12.3.rel1.win32_1.0.100.202403111256/tools/bin/../lib/gcc/arm-none-eabi/12.3.1/../../../../arm-none-eabi/lib/thumb/v7-m/nofp\libc_nano.a(libc_a-memset.o)
 .debug_frame   0x000014dc       0x2c D:/stm3332/STM32CubeIDE_1.15.0/STM32CubeIDE/plugins/com.st.stm32cube.ide.mcu.externaltools.gnu-tools-for-stm32.12.3.rel1.win32_1.0.100.202403111256/tools/bin/../lib/gcc/arm-none-eabi/12.3.1/../../../../arm-none-eabi/lib/thumb/v7-m/nofp\libc_nano.a(libc_a-init.o)

.debug_line_str
                0x00000000       0x63
 .debug_line_str
                0x00000000       0x63 ./Core/Startup/startup_stm32f103c8tx.o
