Archive member included to satisfy reference by file (symbol)

D:/stm3332/STM32CubeIDE_1.15.0/STM32CubeIDE/plugins/com.st.stm32cube.ide.mcu.externaltools.gnu-tools-for-stm32.12.3.rel1.win32_1.0.100.202403111256/tools/bin/../lib/gcc/arm-none-eabi/12.3.1/../../../../arm-none-eabi/lib/thumb/v7-m/nofp\libc_nano.a(libc_a-exit.o)
                              D:/stm3332/STM32CubeIDE_1.15.0/STM32CubeIDE/plugins/com.st.stm32cube.ide.mcu.externaltools.gnu-tools-for-stm32.12.3.rel1.win32_1.0.100.202403111256/tools/bin/../lib/gcc/arm-none-eabi/12.3.1/../../../../arm-none-eabi/lib/thumb/v7-m/nofp/crt0.o (exit)
D:/stm3332/STM32CubeIDE_1.15.0/STM32CubeIDE/plugins/com.st.stm32cube.ide.mcu.externaltools.gnu-tools-for-stm32.12.3.rel1.win32_1.0.100.202403111256/tools/bin/../lib/gcc/arm-none-eabi/12.3.1/../../../../arm-none-eabi/lib/thumb/v7-m/nofp\libc_nano.a(libc_a-findfp.o)
                              D:/stm3332/STM32CubeIDE_1.15.0/STM32CubeIDE/plugins/com.st.stm32cube.ide.mcu.externaltools.gnu-tools-for-stm32.12.3.rel1.win32_1.0.100.202403111256/tools/bin/../lib/gcc/arm-none-eabi/12.3.1/../../../../arm-none-eabi/lib/thumb/v7-m/nofp\libc_nano.a(libc_a-exit.o) (__stdio_exit_handler)
D:/stm3332/STM32CubeIDE_1.15.0/STM32CubeIDE/plugins/com.st.stm32cube.ide.mcu.externaltools.gnu-tools-for-stm32.12.3.rel1.win32_1.0.100.202403111256/tools/bin/../lib/gcc/arm-none-eabi/12.3.1/../../../../arm-none-eabi/lib/thumb/v7-m/nofp\libc_nano.a(libc_a-fwalk.o)
                              D:/stm3332/STM32CubeIDE_1.15.0/STM32CubeIDE/plugins/com.st.stm32cube.ide.mcu.externaltools.gnu-tools-for-stm32.12.3.rel1.win32_1.0.100.202403111256/tools/bin/../lib/gcc/arm-none-eabi/12.3.1/../../../../arm-none-eabi/lib/thumb/v7-m/nofp\libc_nano.a(libc_a-findfp.o) (_fwalk_sglue)
D:/stm3332/STM32CubeIDE_1.15.0/STM32CubeIDE/plugins/com.st.stm32cube.ide.mcu.externaltools.gnu-tools-for-stm32.12.3.rel1.win32_1.0.100.202403111256/tools/bin/../lib/gcc/arm-none-eabi/12.3.1/../../../../arm-none-eabi/lib/thumb/v7-m/nofp\libc_nano.a(libc_a-stdio.o)
                              D:/stm3332/STM32CubeIDE_1.15.0/STM32CubeIDE/plugins/com.st.stm32cube.ide.mcu.externaltools.gnu-tools-for-stm32.12.3.rel1.win32_1.0.100.202403111256/tools/bin/../lib/gcc/arm-none-eabi/12.3.1/../../../../arm-none-eabi/lib/thumb/v7-m/nofp\libc_nano.a(libc_a-findfp.o) (__sread)
D:/stm3332/STM32CubeIDE_1.15.0/STM32CubeIDE/plugins/com.st.stm32cube.ide.mcu.externaltools.gnu-tools-for-stm32.12.3.rel1.win32_1.0.100.202403111256/tools/bin/../lib/gcc/arm-none-eabi/12.3.1/../../../../arm-none-eabi/lib/thumb/v7-m/nofp\libc_nano.a(libc_a-memset.o)
                              D:/stm3332/STM32CubeIDE_1.15.0/STM32CubeIDE/plugins/com.st.stm32cube.ide.mcu.externaltools.gnu-tools-for-stm32.12.3.rel1.win32_1.0.100.202403111256/tools/bin/../lib/gcc/arm-none-eabi/12.3.1/../../../../arm-none-eabi/lib/thumb/v7-m/nofp/crt0.o (memset)
D:/stm3332/STM32CubeIDE_1.15.0/STM32CubeIDE/plugins/com.st.stm32cube.ide.mcu.externaltools.gnu-tools-for-stm32.12.3.rel1.win32_1.0.100.202403111256/tools/bin/../lib/gcc/arm-none-eabi/12.3.1/../../../../arm-none-eabi/lib/thumb/v7-m/nofp\libc_nano.a(libc_a-closer.o)
                              D:/stm3332/STM32CubeIDE_1.15.0/STM32CubeIDE/plugins/com.st.stm32cube.ide.mcu.externaltools.gnu-tools-for-stm32.12.3.rel1.win32_1.0.100.202403111256/tools/bin/../lib/gcc/arm-none-eabi/12.3.1/../../../../arm-none-eabi/lib/thumb/v7-m/nofp\libc_nano.a(libc_a-stdio.o) (_close_r)
D:/stm3332/STM32CubeIDE_1.15.0/STM32CubeIDE/plugins/com.st.stm32cube.ide.mcu.externaltools.gnu-tools-for-stm32.12.3.rel1.win32_1.0.100.202403111256/tools/bin/../lib/gcc/arm-none-eabi/12.3.1/../../../../arm-none-eabi/lib/thumb/v7-m/nofp\libc_nano.a(libc_a-reent.o)
                              D:/stm3332/STM32CubeIDE_1.15.0/STM32CubeIDE/plugins/com.st.stm32cube.ide.mcu.externaltools.gnu-tools-for-stm32.12.3.rel1.win32_1.0.100.202403111256/tools/bin/../lib/gcc/arm-none-eabi/12.3.1/../../../../arm-none-eabi/lib/thumb/v7-m/nofp\libc_nano.a(libc_a-closer.o) (errno)
D:/stm3332/STM32CubeIDE_1.15.0/STM32CubeIDE/plugins/com.st.stm32cube.ide.mcu.externaltools.gnu-tools-for-stm32.12.3.rel1.win32_1.0.100.202403111256/tools/bin/../lib/gcc/arm-none-eabi/12.3.1/../../../../arm-none-eabi/lib/thumb/v7-m/nofp\libc_nano.a(libc_a-impure.o)
                              D:/stm3332/STM32CubeIDE_1.15.0/STM32CubeIDE/plugins/com.st.stm32cube.ide.mcu.externaltools.gnu-tools-for-stm32.12.3.rel1.win32_1.0.100.202403111256/tools/bin/../lib/gcc/arm-none-eabi/12.3.1/../../../../arm-none-eabi/lib/thumb/v7-m/nofp\libc_nano.a(libc_a-reent.o) (_impure_ptr)
D:/stm3332/STM32CubeIDE_1.15.0/STM32CubeIDE/plugins/com.st.stm32cube.ide.mcu.externaltools.gnu-tools-for-stm32.12.3.rel1.win32_1.0.100.202403111256/tools/bin/../lib/gcc/arm-none-eabi/12.3.1/../../../../arm-none-eabi/lib/thumb/v7-m/nofp\libc_nano.a(libc_a-lseekr.o)
[...]
Memory Configuration

Name             Origin             Length             Attributes
RAM              0x20000000         0x00005000         xrw
FLASH            0x08000000         0x00010000         xr
*default*        0x00000000         0xffffffff

Linker script and memory map

LOAD D:/stm3332/STM32CubeIDE_1.15.0/STM32CubeIDE/plugins/com.st.stm32cube.ide.mcu.externaltools.gnu-tools-for-stm32.12.3.rel1.win32_1.0.100.202403111256/tools/bin/../lib/gcc/arm-none-eabi/12.3.1/thumb/v7-m/nofp/crti.o
LOAD D:/stm3332/STM32CubeIDE_1.15.0/STM32CubeIDE/plugins/com.st.stm32cube.ide.mcu.externaltools.gnu-tools-for-stm32.12.3.rel1.win32_1.0.100.202403111256/tools/bin/../lib/gcc/arm-none-eabi/12.3.1/thumb/v7-m/nofp/crtbegin.o
LOAD D:/stm3332/STM32CubeIDE_1.15.0/STM32CubeIDE/plugins/com.st.stm32cube.ide.mcu.externaltools.gnu-tools-for-stm32.12.3.rel1.win32_1.0.100.202403111256/tools/bin/../lib/gcc/arm-none-eabi/12.3.1/../../../../arm-none-eabi/lib/thumb/v7-m/nofp/crt0.o
LOAD ./Core/Src/blink_control.o
LOAD ./Core/Src/debouncer.o
LOAD ./Core/Src/edge_detector.o
LOAD ./Core/Src/fsm.o
LOAD ./Core/Src/main.o
LOAD ./Core/Src/modulo_ejemplo.o
LOAD ./Core/Src/stm32f1xx_hal_msp.o
LOAD ./Core/Src/stm32f1xx_it.o
LOAD ./Core/Src/syscalls.o
LOAD ./Core/Src/sysmem.o
LOAD ./Core/Src/system_stm32f1xx.o
LOAD ./Core/Src/timer.o
LOAD ./Core/Src/timer_period_manager.o
LOAD ./Core/Startup/startup_stm32f103c8tx.o
LOAD ./Drivers/STM32F1xx_HAL_Driver/Src/stm32f1xx_hal.o
LOAD ./Drivers/STM32F1xx_HAL_Driver/Src/stm32f1xx_hal_cortex.o
LOAD ./Drivers/STM32F1xx_HAL_Driver/Src/stm32f1xx_hal_dma.o
LOAD ./Drivers/STM32F1xx_HAL_Driver/Src/stm32f1xx_hal_exti.o
LOAD ./Drivers/STM32F1xx_HAL_Driver/Src/stm32f1xx_hal_flash.o
LOAD ./Drivers/STM32F1xx_HAL_Driver/Src/stm32f1xx_hal_flash_ex.o
LOAD ./Drivers/STM32F1xx_HAL_Driver/Src/stm32f1xx_hal_gpio.o
LOAD ./Drivers/STM32F1xx_HAL_Driver/Src/stm32f1xx_hal_gpio_ex.o
LOAD ./Drivers/STM32F1xx_HAL_Driver/Src/stm32f1xx_hal_pwr.o
LOAD ./Drivers/STM32F1xx_HAL_Driver/Src/stm32f1xx_hal_rcc.o
LOAD ./Drivers/STM32F1xx_HAL_Driver/Src/stm32f1xx_hal_rcc_ex.o
LOAD ./Drivers/STM32F1xx_HAL_Driver/Src/stm32f1xx_hal_tim.o
LOAD ./Drivers/STM32F1xx_HAL_Driver/Src/stm32f1xx_hal_tim_ex.o
START GROUP
LOAD D:/stm3332/STM32CubeIDE_1.15.0/STM32CubeIDE/plugins/com.st.stm32cube.ide.mcu.externaltools.gnu-tools-for-stm32.12.3.rel1.win32_1.0.100.202403111256/tools/bin/../lib/gcc/arm-none-eabi/12.3.1/../../../../arm-none-eabi/lib/thumb/v7-m/nofp\libc_nano.a
LOAD D:/stm3332/STM32CubeIDE_1.15.0/STM32CubeIDE/plugins/com.st.stm32cube.ide.mcu.externaltools.gnu-tools-for-stm32.12.3.rel1.win32_1.0.100.202403111256/tools/bin/../lib/gcc/arm-none-eabi/12.3.1/../../../../arm-none-eabi/lib/thumb/v7-m/nofp\libm.a
END GROUP
START GROUP
LOAD D:/stm3332/STM32CubeIDE_1.15.0/STM32CubeIDE/plugins/com.st.stm32cube.ide.mcu.externaltools.gnu-tools-for-stm32.12.3.rel1.win32_1.0.100.202403111256/tools/bin/../lib/gcc/arm-none-eabi/12.3.1/thumb/v7-m/nofp\libgcc.a
LOAD D:/stm3332/STM32CubeIDE_1.15.0/STM32CubeIDE/plugins/com.st.stm32cube.ide.mcu.externaltools.gnu-tools-for-stm32.12.3.rel1.win32_1.0.100.202403111256/tools/bin/../lib/gcc/arm-none-eabi/12.3.1/../../../../arm-none-eabi/lib/thumb/v7-m/nofp\libc_nano.a
END GROUP
START GROUP
LOAD D:/stm3332/STM32CubeIDE_1.15.0/STM32CubeIDE/plugins/com.st.stm32cube.ide.mcu.externaltools.gnu-tools-for-stm32.12.3.rel1.win32_1.0.100.202403111256/tools/bin/../lib/gcc/arm-none-eabi/12.3.1/thumb/v7-m/nofp\libgcc.a
LOAD D:/stm3332/STM32CubeIDE_1.15.0/STM32CubeIDE/plugins/com.st.stm32cube.ide.mcu.externaltools.gnu-tools-for-stm32.12.3.rel1.win32_1.0.100.202403111256/tools/bin/../lib/gcc/arm-none-eabi/12.3.1/../../../../arm-none-eabi/lib/thumb/v7-m/nofp\libc_nano.a
LOAD D:/stm3332/STM32CubeIDE_1.15.0/STM32CubeIDE/plugins/com.st.stm32cube.ide.mcu.externaltools.gnu-tools-for-stm32.12.3.rel1.win32_1.0.100.202403111256/tools/bin/../lib/gcc/arm-none-eabi/12.3.1/../../../../arm-none-eabi/lib/thumb/v7-m/nofp\libnosys.a
END GROUP
START GROUP
LOAD D:/stm3332/STM32CubeIDE_1.15.0/STM32CubeIDE/plugins/com.st.stm32cube.ide.mcu.externaltools.gnu-tools-for-stm32.12.3.rel1.win32_1.0.100.202403111256/tools/bin/../lib/gcc/arm-none-eabi/12.3.1/thumb/v7-m/nofp\libgcc.a
LOAD D:/stm3332/STM32CubeIDE_1.15.0/STM32CubeIDE/plugins/com.st.stm32cube.ide.mcu.externaltools.gnu-tools-for-stm32.12.3.rel1.win32_1.0.100.202403111256/tools/bin/../lib/gcc/arm-none-eabi/12.3.1/../../../../arm-none-eabi/lib/thumb/v7-m/nofp\libc_nano.a
LOAD D:/stm3332/STM32CubeIDE_1.15.0/STM32CubeIDE/plugins/com.st.stm32cube.ide.mcu.externaltools.gnu-tools-for-stm32.12.3.rel1.win32_1.0.100.202403111256/tools/bin/../lib/gcc/arm-none-eabi/12.3.1/../../../../arm-none-eabi/lib/thumb/v7-m/nofp\libnosys.a
END GROUP
LOAD D:/stm3332/STM32CubeIDE_1.15.0/STM32CubeIDE/plugins/com.st.stm32cube.ide.mcu.externaltools.gnu-tools-for-stm32.12.3.rel1.win32_1.0.100.202403111256/tools/bin/../lib/gcc/arm-none-eabi/12.3.1/thumb/v7-m/nofp/crtend.o
LOAD D:/stm3332/STM32CubeIDE_1.15.0/STM32CubeIDE/plugins/com.st.stm32cube.ide.mcu.externaltools.gnu-tools-for-stm32.12.3.rel1.win32_1.0.100.202403111256/tools/bin/../lib/gcc/arm-none-eabi/12.3.1/thumb/v7-m/nofp/crtn.o
                0x20005000                        _estack = (ORIGIN (RAM) + LENGTH (RAM))
                0x00000200                        _Min_Heap_Size = 0x200
                0x00000400                        _Min_Stack_Size = 0x400

.isr_vector     0x08000000      0x10c
                0x08000000                        . = ALIGN (0x4)
 *(.isr_vector)
 .isr_vector    0x08000000      0x10c ./Core/Startup/startup_stm32f103c8tx.o
                0x08000000                g_pfnVectors
                0x0800010c                        . = ALIGN (0x4)

.text           0x0800010c     0x15a8
                0x0800010c                        . = ALIGN (0x4)
 *(.text)
 .text          0x0800010c       0x40 D:/stm3332/STM32CubeIDE_1.15.0/STM32CubeIDE/plugins/com.st.stm32cube.ide.mcu.externaltools.gnu-tools-for-stm32.12.3.rel1.win32_1.0.100.202403111256/tools/bin/../lib/gcc/arm-none-eabi/12.3.1/thumb/v7-m/nofp/crtbegin.o
 *(.text*)
 .text.timer_expired
                0x0800014c       0x20 ./Core/Src/blink_control.o
 .text.on_state_led_off
                0x0800016c       0x2e ./Core/Src/blink_control.o
                0x0800016c                on_state_led_off
 .text.on_state_led_on
                0x0800019a       0x2e ./Core/Src/blink_control.o
                0x0800019a                on_state_led_on
 .text.blink_control_init
                0x080001c8       0x48 ./Core/Src/blink_control.o
                0x080001c8                blink_control_init
 .text.blink_control_update
                0x08000210       0x18 ./Core/Src/blink_control.o
                0x08000210                blink_control_update
 .text.fsm_init
                0x08000228       0x2a ./Core/Src/fsm.o
                0x08000228                fsm_init
 .text.fsm_update
                0x08000252       0xa4 ./Core/Src/fsm.o
                0x08000252                fsm_update
 *fill*         0x080002f6        0x2 
 .text.main     0x080002f8       0x64 ./Core/Src/main.o
                0x080002f8                main
 .text.SystemClock_Config
                0x0800035c       0x76 ./Core/Src/main.o
                0x0800035c                SystemClock_Config
 *fill*         0x080003d2        0x2 
 .text.MX_GPIO_Init
                0x080003d4       0xdc ./Core/Src/main.o
 .text.Error_Handler
                0x080004b0        0xc ./Core/Src/main.o
                0x080004b0                Error_Handler
 .text.condicion_estado1_a_estado2
                0x080004bc       0x46 ./Core/Src/modulo_ejemplo.o
 .text.condicion_timer_expired
                0x08000502       0x20 ./Core/Src/modulo_ejemplo.o
 *fill*         0x08000522        0x2 
 .text.on_state_estado1
                0x08000524       0x40 ./Core/Src/modulo_ejemplo.o
                0x08000524                on_state_estado1
 .text.on_state_estado2
                0x08000564       0x4c ./Core/Src/modulo_ejemplo.o
                0x08000564                on_state_estado2
 .text.on_state_estado3
                0x080005b0       0x58 ./Core/Src/modulo_ejemplo.o
                0x080005b0                on_state_estado3
 .text.on_state_estado4
                0x08000608       0x4c ./Core/Src/modulo_ejemplo.o
                0x08000608                on_state_estado4
 .text.modulo_ejemplo_init
                0x08000654       0x84 ./Core/Src/modulo_ejemplo.o
                0x08000654                modulo_ejemplo_init
 .text.modulo_ejemplo_update
                0x080006d8       0x40 ./Core/Src/modulo_ejemplo.o
                0x080006d8                modulo_ejemplo_update
 .text.HAL_MspInit
                0x08000718       0x64 ./Core/Src/stm32f1xx_hal_msp.o
                0x08000718                HAL_MspInit
 .text.NMI_Handler
                0x0800077c        0x8 ./Core/Src/stm32f1xx_it.o
                0x0800077c                NMI_Handler
 .text.HardFault_Handler
                0x08000784        0x8 ./Core/Src/stm32f1xx_it.o
                0x08000784                HardFault_Handler
 .text.MemManage_Handler
                0x0800078c        0x8 ./Core/Src/stm32f1xx_it.o
                0x0800078c                MemManage_Handler
 .text.BusFault_Handler
                0x08000794        0x8 ./Core/Src/stm32f1xx_it.o
                0x08000794                BusFault_Handler
 .text.UsageFault_Handler
                0x0800079c        0x8 ./Core/Src/stm32f1xx_it.o
                0x0800079c                UsageFault_Handler
 .text.SVC_Handler
                0x080007a4        0xc ./Core/Src/stm32f1xx_it.o
                0x080007a4                SVC_Handler
 .text.DebugMon_Handler
                0x080007b0        0xc ./Core/Src/stm32f1xx_it.o
                0x080007b0                DebugMon_Handler
 .text.PendSV_Handler
                0x080007bc        0xc ./Core/Src/stm32f1xx_it.o
                0x080007bc                PendSV_Handler
 .text.SysTick_Handler
                0x080007c8        0xc ./Core/Src/stm32f1xx_it.o
                0x080007c8                SysTick_Handler
 .text.SystemInit
                0x080007d4        0xc ./Core/Src/system_stm32f1xx.o
                0x080007d4                SystemInit
 .text.timer_start
                0x080007e0       0x22 ./Core/Src/timer.o
                0x080007e0                timer_start
 .text.timer_restart
                0x08000802       0x1a ./Core/Src/timer.o
                0x08000802                timer_restart
 .text.timer_has_expired
                0x0800081c       0x2a ./Core/Src/timer.o
                0x0800081c                timer_has_expired
 *fill*         0x08000846        0x2 
 .text.Reset_Handler
                0x08000848       0x48 ./Core/Startup/startup_stm32f103c8tx.o
                0x08000848                Reset_Handler
 .text.Default_Handler
                0x08000890        0x2 ./Core/Startup/startup_stm32f103c8tx.o
                0x08000890                RTC_Alarm_IRQHandler
                0x08000890                EXTI2_IRQHandler
                0x08000890                TIM1_CC_IRQHandler
                0x08000890                PVD_IRQHandler
                0x08000890                EXTI3_IRQHandler
                0x08000890                EXTI0_IRQHandler
                0x08000890                I2C2_EV_IRQHandler
                0x08000890                ADC1_2_IRQHandler
                0x08000890                SPI1_IRQHandler
                0x08000890                TAMPER_IRQHandler
                0x08000890                DMA1_Channel4_IRQHandler
                0x08000890                USART3_IRQHandler
                0x08000890                RTC_IRQHandler
                0x08000890                DMA1_Channel7_IRQHandler
                0x08000890                CAN1_RX1_IRQHandler
                0x08000890                TIM4_IRQHandler
                0x08000890                I2C1_EV_IRQHandler
                0x08000890                DMA1_Channel6_IRQHandler
                0x08000890                TIM3_IRQHandler
                0x08000890                RCC_IRQHandler
                0x08000890                TIM1_TRG_COM_IRQHandler
                0x08000890                DMA1_Channel1_IRQHandler
                0x08000890                Default_Handler
                0x08000890                EXTI15_10_IRQHandler
                0x08000890                EXTI9_5_IRQHandler
                0x08000890                SPI2_IRQHandler
                0x08000890                DMA1_Channel5_IRQHandler
                0x08000890                EXTI4_IRQHandler
                0x08000890                USB_LP_CAN1_RX0_IRQHandler
                0x08000890                USB_HP_CAN1_TX_IRQHandler
                0x08000890                DMA1_Channel3_IRQHandler
                0x08000890                TIM1_UP_IRQHandler
                0x08000890                WWDG_IRQHandler
                0x08000890                TIM2_IRQHandler
                0x08000890                TIM1_BRK_IRQHandler
                0x08000890                EXTI1_IRQHandler
                0x08000890                USART2_IRQHandler
                0x08000890                I2C2_ER_IRQHandler
                0x08000890                DMA1_Channel2_IRQHandler
                0x08000890                CAN1_SCE_IRQHandler
                0x08000890                FLASH_IRQHandler
                0x08000890                USART1_IRQHandler
                0x08000890                I2C1_ER_IRQHandler
                0x08000890                USBWakeUp_IRQHandler
 *fill*         0x08000892        0x2 
 .text.HAL_Init
                0x08000894       0x2c ./Drivers/STM32F1xx_HAL_Driver/Src/stm32f1xx_hal.o
                0x08000894                HAL_Init
 .text.HAL_InitTick
                0x080008c0       0x60 ./Drivers/STM32F1xx_HAL_Driver/Src/stm32f1xx_hal.o
                0x080008c0                HAL_InitTick
 .text.HAL_IncTick
                0x08000920       0x24 ./Drivers/STM32F1xx_HAL_Driver/Src/stm32f1xx_hal.o
                0x08000920                HAL_IncTick
 .text.HAL_GetTick
                0x08000944       0x14 ./Drivers/STM32F1xx_HAL_Driver/Src/stm32f1xx_hal.o
                0x08000944                HAL_GetTick
 .text.__NVIC_SetPriorityGrouping
                0x08000958       0x48 ./Drivers/STM32F1xx_HAL_Driver/Src/stm32f1xx_hal_cortex.o
 .text.__NVIC_GetPriorityGrouping
                0x080009a0       0x1c ./Drivers/STM32F1xx_HAL_Driver/Src/stm32f1xx_hal_cortex.o
 .text.__NVIC_SetPriority
                0x080009bc       0x54 ./Drivers/STM32F1xx_HAL_Driver/Src/stm32f1xx_hal_cortex.o
 .text.NVIC_EncodePriority
                0x08000a10       0x64 ./Drivers/STM32F1xx_HAL_Driver/Src/stm32f1xx_hal_cortex.o
 .text.SysTick_Config
                0x08000a74       0x44 ./Drivers/STM32F1xx_HAL_Driver/Src/stm32f1xx_hal_cortex.o
 .text.HAL_NVIC_SetPriorityGrouping
                0x08000ab8       0x16 ./Drivers/STM32F1xx_HAL_Driver/Src/stm32f1xx_hal_cortex.o
                0x08000ab8                HAL_NVIC_SetPriorityGrouping
 .text.HAL_NVIC_SetPriority
                0x08000ace       0x38 ./Drivers/STM32F1xx_HAL_Driver/Src/stm32f1xx_hal_cortex.o
                0x08000ace                HAL_NVIC_SetPriority
 .text.HAL_SYSTICK_Config
                0x08000b06       0x18 ./Drivers/STM32F1xx_HAL_Driver/Src/stm32f1xx_hal_cortex.o
                0x08000b06                HAL_SYSTICK_Config
 *fill*         0x08000b1e        0x2 
 .text.HAL_GPIO_Init
                0x08000b20      0x308 ./Drivers/STM32F1xx_HAL_Driver/Src/stm32f1xx_hal_gpio.o
                0x08000b20                HAL_GPIO_Init
 .text.HAL_GPIO_ReadPin
                0x08000e28       0x2e ./Drivers/STM32F1xx_HAL_Driver/Src/stm32f1xx_hal_gpio.o
                0x08000e28                HAL_GPIO_ReadPin
 .text.HAL_GPIO_WritePin
                0x08000e56       0x30 ./Drivers/STM32F1xx_HAL_Driver/Src/stm32f1xx_hal_gpio.o
                0x08000e56                HAL_GPIO_WritePin
 *fill*         0x08000e86        0x2 
 .text.HAL_RCC_OscConfig
                0x08000e88      0x504 ./Drivers/STM32F1xx_HAL_Driver/Src/stm32f1xx_hal_rcc.o
                0x08000e88                HAL_RCC_OscConfig
 .text.HAL_RCC_ClockConfig
                0x0800138c      0x1d4 ./Drivers/STM32F1xx_HAL_Driver/Src/stm32f1xx_hal_rcc.o
                0x0800138c                HAL_RCC_ClockConfig
 .text.HAL_RCC_GetSysClockFreq
                0x08001560       0xa8 ./Drivers/STM32F1xx_HAL_Driver/Src/stm32f1xx_hal_rcc.o
                0x08001560                HAL_RCC_GetSysClockFreq
 .text.RCC_Delay
                0x08001608       0x3c ./Drivers/STM32F1xx_HAL_Driver/Src/stm32f1xx_hal_rcc.o
 .text.memset   0x08001644       0x10 D:/stm3332/STM32CubeIDE_1.15.0/STM32CubeIDE/plugins/com.st.stm32cube.ide.mcu.externaltools.gnu-tools-for-stm32.12.3.rel1.win32_1.0.100.202403111256/tools/bin/../lib/gcc/arm-none-eabi/12.3.1/../../../../arm-none-eabi/lib/thumb/v7-m/nofp\libc_nano.a(libc_a-memset.o)
                0x08001644                memset
 .text.__libc_init_array
                0x08001654       0x48 D:/stm3332/STM32CubeIDE_1.15.0/STM32CubeIDE/plugins/com.st.stm32cube.ide.mcu.externaltools.gnu-tools-for-stm32.12.3.rel1.win32_1.0.100.202403111256/tools/bin/../lib/gcc/arm-none-eabi/12.3.1/../../../../arm-none-eabi/lib/thumb/v7-m/nofp\libc_nano.a(libc_a-init.o)
                0x08001654                __libc_init_array
 *(.glue_7)
 .glue_7        0x0800169c        0x0 linker stubs
 *(.glue_7t)
 .glue_7t       0x0800169c        0x0 linker stubs
 *(.eh_frame)
 .eh_frame      0x0800169c        0x0 D:/stm3332/STM32CubeIDE_1.15.0/STM32CubeIDE/plugins/com.st.stm32cube.ide.mcu.externaltools.gnu-tools-for-stm32.12.3.rel1.win32_1.0.100.202403111256/tools/bin/../lib/gcc/arm-none-eabi/12.3.1/thumb/v7-m/nofp/crtbegin.o
 *(.init)
 .init          0x0800169c        0x4 D:/stm3332/STM32CubeIDE_1.15.0/STM32CubeIDE/plugins/com.st.stm32cube.ide.mcu.externaltools.gnu-tools-for-stm32.12.3.rel1.win32_1.0.100.202403111256/tools/bin/../lib/gcc/arm-none-eabi/12.3.1/thumb/v7-m/nofp/crti.o
                0x0800169c                _init
 .init          0x080016a0        0x8 D:/stm3332/STM32CubeIDE_1.15.0/STM32CubeIDE/plugins/com.st.stm32cube.ide.mcu.externaltools.gnu-tools-for-stm32.12.3.rel1.win32_1.0.100.202403111256/tools/bin/../lib/gcc/arm-none-eabi/12.3.1/thumb/v7-m/nofp/crtn.o
 *(.fini)
 .fini          0x080016a8        0x4 D:/stm3332/STM32CubeIDE_1.15.0/STM32CubeIDE/plugins/com.st.stm32cube.ide.mcu.externaltools.gnu-tools-for-stm32.12.3.rel1.win32_1.0.100.202403111256/tools/bin/../lib/gcc/arm-none-eabi/12.3.1/thumb/v7-m/nofp/crti.o
                0x080016a8                _fini
 .fini          0x080016ac        0x8 D:/stm3332/STM32CubeIDE_1.15.0/STM32CubeIDE/plugins/com.st.stm32cube.ide.mcu.externaltools.gnu-tools-for-stm32.12.3.rel1.win32_1.0.100.202403111256/tools/bin/../lib/gcc/arm-none-eabi/12.3.1/thumb/v7-m/nofp/crtn.o
                0x080016b4                        . = ALIGN (0x4)
                0x080016b4                        _etext = .

.vfp11_veneer   0x080016b4        0x0
 .vfp11_veneer  0x080016b4        0x0 linker stubs

.v4_bx          0x080016b4        0x0
 .v4_bx         0x080016b4        0x0 linker stubs

.iplt           0x080016b4        0x0
 .iplt          0x080016b4        0x0 D:/stm3332/STM32CubeIDE_1.15.0/STM32CubeIDE/plugins/com.st.stm32cube.ide.mcu.externaltools.gnu-tools-for-stm32.12.3.rel1.win32_1.0.100.202403111256/tools/bin/../lib/gcc/arm-none-eabi/12.3.1/thumb/v7-m/nofp/crtbegin.o

.rodata         0x080016b4       0x24
                0x080016b4                        . = ALIGN (0x4)
 *(.rodata)
 *(.rodata*)
 .rodata.AHBPrescTable
                0x080016b4       0x10 ./Core/Src/system_stm32f1xx.o
                0x080016b4                AHBPrescTable
 .rodata.aPLLMULFactorTable.1
                0x080016c4       0x10 ./Drivers/STM32F1xx_HAL_Driver/Src/stm32f1xx_hal_rcc.o
 .rodata.aPredivFactorTable.0
                0x080016d4        0x2 ./Drivers/STM32F1xx_HAL_Driver/Src/stm32f1xx_hal_rcc.o
                0x080016d8                        . = ALIGN (0x4)
 *fill*         0x080016d6        0x2 

.ARM.extab      0x080016d8        0x0
                0x080016d8                        . = ALIGN (0x4)
 *(.ARM.extab* .gnu.linkonce.armextab.*)
                0x080016d8                        . = ALIGN (0x4)

.ARM            0x080016d8        0x0
                0x080016d8                        . = ALIGN (0x4)
                0x080016d8                        __exidx_start = .
 *(.ARM.exidx*)
                0x080016d8                        __exidx_end = .
                0x080016d8                        . = ALIGN (0x4)

.preinit_array  0x080016d8        0x0
                0x080016d8                        . = ALIGN (0x4)
                0x080016d8                        PROVIDE (__preinit_array_start = .)
 *(.preinit_array*)
                0x080016d8                        PROVIDE (__preinit_array_end = .)
                0x080016d8                        . = ALIGN (0x4)

.init_array     0x080016d8        0x4
                0x080016d8                        . = ALIGN (0x4)
                0x080016d8                        PROVIDE (__init_array_start = .)
 *(SORT_BY_NAME(.init_array.*))
 *(.init_array*)
 .init_array    0x080016d8        0x4 D:/stm3332/STM32CubeIDE_1.15.0/STM32CubeIDE/plugins/com.st.stm32cube.ide.mcu.externaltools.gnu-tools-for-stm32.12.3.rel1.win32_1.0.100.202403111256/tools/bin/../lib/gcc/arm-none-eabi/12.3.1/thumb/v7-m/nofp/crtbegin.o
                0x080016dc                        PROVIDE (__init_array_end = .)
                0x080016dc                        . = ALIGN (0x4)

.fini_array     0x080016dc        0x4
                0x080016dc                        . = ALIGN (0x4)
                [!provide]                        PROVIDE (__fini_array_start = .)
 *(SORT_BY_NAME(.fini_array.*))
 *(.fini_array*)
 .fini_array    0x080016dc        0x4 D:/stm3332/STM32CubeIDE_1.15.0/STM32CubeIDE/plugins/com.st.stm32cube.ide.mcu.externaltools.gnu-tools-for-stm32.12.3.rel1.win32_1.0.100.202403111256/tools/bin/../lib/gcc/arm-none-eabi/12.3.1/thumb/v7-m/nofp/crtbegin.o
                [!provide]                        PROVIDE (__fini_array_end = .)
                0x080016e0                        . = ALIGN (0x4)
                0x080016e0                        _sidata = LOADADDR (.data)

.rel.dyn        0x080016e0        0x0
 .rel.iplt      0x080016e0        0x0 D:/stm3332/STM32CubeIDE_1.15.0/STM32CubeIDE/plugins/com.st.stm32cube.ide.mcu.externaltools.gnu-tools-for-stm32.12.3.rel1.win32_1.0.100.202403111256/tools/bin/../lib/gcc/arm-none-eabi/12.3.1/thumb/v7-m/nofp/crtbegin.o

.data           0x20000000       0x84 load address 0x080016e0
                0x20000000                        . = ALIGN (0x4)
                0x20000000                        _sdata = .
 *(.data)
 *(.data*)
 .data.LEDOffTransitions
                0x20000000        0x8 ./Core/Src/blink_control.o
 .data.LEDOnTransitions
                0x20000008        0x8 ./Core/Src/blink_control.o
 .data.BlinkFSMStates
                0x20000010       0x18 ./Core/Src/blink_control.o
 .data.Estado1Transitions
                0x20000028        0x8 ./Core/Src/modulo_ejemplo.o
 .data.Estado2Transitions
                0x20000030        0x8 ./Core/Src/modulo_ejemplo.o
 .data.Estado3Transitions
                0x20000038        0x8 ./Core/Src/modulo_ejemplo.o
 .data.Estado4Transitions
                0x20000040        0x8 ./Core/Src/modulo_ejemplo.o
 .data.ModuloEjemploEstados
                0x20000048       0x30 ./Core/Src/modulo_ejemplo.o
 .data.SystemCoreClock
                0x20000078        0x4 ./Core/Src/system_stm32f1xx.o
                0x20000078                SystemCoreClock
 .data.uwTickPrio
                0x2000007c        0x4 ./Drivers/STM32F1xx_HAL_Driver/Src/stm32f1xx_hal.o
                0x2000007c                uwTickPrio
 .data.uwTickFreq
                0x20000080        0x1 ./Drivers/STM32F1xx_HAL_Driver/Src/stm32f1xx_hal.o
                0x20000080                uwTickFreq
 *(.RamFunc)
 *(.RamFunc*)
                0x20000084                        . = ALIGN (0x4)
 *fill*         0x20000081        0x3 
                0x20000084                        _edata = .

.igot.plt       0x20000084        0x0 load address 0x08001764
 .igot.plt      0x20000084        0x0 D:/stm3332/STM32CubeIDE_1.15.0/STM32CubeIDE/plugins/com.st.stm32cube.ide.mcu.externaltools.gnu-tools-for-stm32.12.3.rel1.win32_1.0.100.202403111256/tools/bin/../lib/gcc/arm-none-eabi/12.3.1/thumb/v7-m/nofp/crtbegin.o
                0x20000084                        . = ALIGN (0x4)

.bss            0x20000084       0x90 load address 0x08001764
                0x20000084                        _sbss = .
                0x20000084                        __bss_start__ = _sbss
 *(.bss)
 .bss           0x20000084       0x1c D:/stm3332/STM32CubeIDE_1.15.0/STM32CubeIDE/plugins/com.st.stm32cube.ide.mcu.externaltools.gnu-tools-for-stm32.12.3.rel1.win32_1.0.100.202403111256/tools/bin/../lib/gcc/arm-none-eabi/12.3.1/thumb/v7-m/nofp/crtbegin.o
 *(.bss*)
 .bss.proyecto1
                0x200000a0       0x34 ./Core/Src/main.o
                0x200000a0                proyecto1
 .bss.bandera   0x200000d4        0x1 ./Core/Src/modulo_ejemplo.o
                0x200000d4                bandera
 *fill*         0x200000d5        0x3 
 .bss.blink_control_led1
                0x200000d8       0x1c ./Core/Src/modulo_ejemplo.o
                0x200000d8                blink_control_led1
 .bss.blink_control_led2
                0x200000f4       0x1c ./Core/Src/modulo_ejemplo.o
                0x200000f4                blink_control_led2
 .bss.uwTick    0x20000110        0x4 ./Drivers/STM32F1xx_HAL_Driver/Src/stm32f1xx_hal.o
                0x20000110                uwTick
 *(COMMON)
                0x20000114                        . = ALIGN (0x4)
                0x20000114                        _ebss = .
                0x20000114                        __bss_end__ = _ebss

._user_heap_stack
                0x20000114      0x604 load address 0x08001764
                0x20000118                        . = ALIGN (0x8)
 *fill*         0x20000114        0x4 
                [!provide]                        PROVIDE (end = .)
                0x20000118                        PROVIDE (_end = .)
                0x20000318                        . = (. + _Min_Heap_Size)
 *fill*         0x20000118      0x200 
                0x20000718                        . = (. + _Min_Stack_Size)
 *fill*         0x20000318      0x400 
                0x20000718                        . = ALIGN (0x8)

/DISCARD/
 libc.a(*)
 libm.a(*)
 libgcc.a(*)

.ARM.attributes
                0x00000000       0x29
 *(.ARM.attributes)
 .ARM.attributes
                0x00000000       0x1d D:/stm3332/STM32CubeIDE_1.15.0/STM32CubeIDE/plugins/com.st.stm32cube.ide.mcu.externaltools.gnu-tools-for-stm32.12.3.rel1.win32_1.0.100.202403111256/tools/bin/../lib/gcc/arm-none-eabi/12.3.1/thumb/v7-m/nofp/crti.o
 .ARM.attributes
                0x0000001d       0x2d D:/stm3332/STM32CubeIDE_1.15.0/STM32CubeIDE/plugins/com.st.stm32cube.ide.mcu.externaltools.gnu-tools-for-stm32.12.3.rel1.win32_1.0.100.202403111256/tools/bin/../lib/gcc/arm-none-eabi/12.3.1/thumb/v7-m/nofp/crtbegin.o
 .ARM.attributes
                0x0000004a       0x2d ./Core/Src/blink_control.o
 .ARM.attributes
                0x00000077       0x2d ./Core/Src/fsm.o
 .ARM.attributes
                0x000000a4       0x2d ./Core/Src/main.o
 .ARM.attributes
                0x000000d1       0x2d ./Core/Src/modulo_ejemplo.o
 .ARM.attributes
                0x000000fe       0x2d ./Core/Src/stm32f1xx_hal_msp.o
 .ARM.attributes
                0x0000012b       0x2d ./Core/Src/stm32f1xx_it.o
 .ARM.attributes
                0x00000158       0x2d ./Core/Src/system_stm32f1xx.o
 .ARM.attributes
                0x00000185       0x2d ./Core/Src/timer.o
 .ARM.attributes
                0x000001b2       0x21 ./Core/Startup/startup_stm32f103c8tx.o
 .ARM.attributes
                0x000001d3       0x2d ./Drivers/STM32F1xx_HAL_Driver/Src/stm32f1xx_hal.o
 .ARM.attributes
                0x00000200       0x2d ./Drivers/STM32F1xx_HAL_Driver/Src/stm32f1xx_hal_cortex.o
 .ARM.attributes
                0x0000022d       0x2d ./Drivers/STM32F1xx_HAL_Driver/Src/stm32f1xx_hal_gpio.o
 .ARM.attributes
                0x0000025a       0x2d ./Drivers/STM32F1xx_HAL_Driver/Src/stm32f1xx_hal_rcc.o
 .ARM.attributes
                0x00000287       0x2d D:/stm3332/STM32CubeIDE_1.15.0/STM32CubeIDE/plugins/com.st.stm32cube.ide.mcu.externaltools.gnu-tools-for-stm32.12.3.rel1.win32_1.0.100.202403111256/tools/bin/../lib/gcc/arm-none-eabi/12.3.1/../../../../arm-none-eabi/lib/thumb/v7-m/nofp\libc_nano.a(libc_a-memset.o)
 .ARM.attributes
                0x000002b4       0x2d D:/stm3332/STM32CubeIDE_1.15.0/STM32CubeIDE/plugins/com.st.stm32cube.ide.mcu.externaltools.gnu-tools-for-stm32.12.3.rel1.win32_1.0.100.202403111256/tools/bin/../lib/gcc/arm-none-eabi/12.3.1/../../../../arm-none-eabi/lib/thumb/v7-m/nofp\libc_nano.a(libc_a-init.o)
 .ARM.attributes
                0x000002e1       0x1d D:/stm3332/STM32CubeIDE_1.15.0/STM32CubeIDE/plugins/com.st.stm32cube.ide.mcu.externaltools.gnu-tools-for-stm32.12.3.rel1.win32_1.0.100.202403111256/tools/bin/../lib/gcc/arm-none-eabi/12.3.1/thumb/v7-m/nofp/crtn.o
OUTPUT(FSM_Semaforo_Tobias_Diego.elf elf32-littlearm)
LOAD linker stubs
LOAD D:/stm3332/STM32CubeIDE_1.15.0/STM32CubeIDE/plugins/com.st.stm32cube.ide.mcu.externaltools.gnu-tools-for-stm32.12.3.rel1.win32_1.0.100.202403111256/tools/bin/../lib/gcc/arm-none-eabi/12.3.1/../../../../arm-none-eabi/lib/thumb/v7-m/nofp\libc.a
LOAD D:/stm3332/STM32CubeIDE_1.15.0/STM32CubeIDE/plugins/com.st.stm32cube.ide.mcu.externaltools.gnu-tools-for-stm32.12.3.rel1.win32_1.0.100.202403111256/tools/bin/../lib/gcc/arm-none-eabi/12.3.1/../../../../arm-none-eabi/lib/thumb/v7-m/nofp\libm.a
LOAD D:/stm3332/STM32CubeIDE_1.15.0/STM32CubeIDE/plugins/com.st.stm32cube.ide.mcu.externaltools.gnu-tools-for-stm32.12.3.rel1.win32_1.0.100.202403111256/tools/bin/../lib/gcc/arm-none-eabi/12.3.1/thumb/v7-m/nofp\libgcc.a

.debug_info     0x00000000     0x3add
 .debug_info    0x00000000      0x50c ./Core/Src/blink_control.o
 .debug_info    0x0000050c      0x21e ./Core/Src/fsm.o
 .debug_info    0x0000072a      0x6e4 ./Core/Src/main.o
 .debug_info    0x00000e0e      0x6ef ./Core/Src/modulo_ejemplo.o
 .debug_info    0x000014fd      0x1f1 ./Core/Src/stm32f1xx_hal_msp.o
 .debug_info    0x000016ee      0x113 ./Core/Src/stm32f1xx_it.o
 .debug_info    0x00001801      0x222 ./Core/Src/system_stm32f1xx.o
 .debug_info    0x00001a23      0x17f ./Core/Src/timer.o
 .debug_info    0x00001ba2       0x30 ./Core/Startup/startup_stm32f103c8tx.o
 .debug_info    0x00001bd2      0x704 ./Drivers/STM32F1xx_HAL_Driver/Src/stm32f1xx_hal.o
 .debug_info    0x000022d6      0xa87 ./Drivers/STM32F1xx_HAL_Driver/Src/stm32f1xx_hal_cortex.o
 .debug_info    0x00002d5d      0x5ab ./Drivers/STM32F1xx_HAL_Driver/Src/stm32f1xx_hal_gpio.o
 .debug_info    0x00003308      0x7d5 ./Drivers/STM32F1xx_HAL_Driver/Src/stm32f1xx_hal_rcc.o

.debug_abbrev   0x00000000     0x142b
 .debug_abbrev  0x00000000      0x1b1 ./Core/Src/blink_control.o
 .debug_abbrev  0x000001b1      0x131 ./Core/Src/fsm.o
 .debug_abbrev  0x000002e2      0x224 ./Core/Src/main.o
 .debug_abbrev  0x00000506      0x205 ./Core/Src/modulo_ejemplo.o
 .debug_abbrev  0x0000070b       0xdb ./Core/Src/stm32f1xx_hal_msp.o
 .debug_abbrev  0x000007e6       0x73 ./Core/Src/stm32f1xx_it.o
 .debug_abbrev  0x00000859      0x13f ./Core/Src/system_stm32f1xx.o
 .debug_abbrev  0x00000998       0xf9 ./Core/Src/timer.o
 .debug_abbrev  0x00000a91       0x24 ./Core/Startup/startup_stm32f103c8tx.o
 .debug_abbrev  0x00000ab5      0x201 ./Drivers/STM32F1xx_HAL_Driver/Src/stm32f1xx_hal.o
 .debug_abbrev  0x00000cb6      0x2f8 ./Drivers/STM32F1xx_HAL_Driver/Src/stm32f1xx_hal_cortex.o
 .debug_abbrev  0x00000fae      0x1ca ./Drivers/STM32F1xx_HAL_Driver/Src/stm32f1xx_hal_gpio.o
 .debug_abbrev  0x00001178      0x2b3 ./Drivers/STM32F1xx_HAL_Driver/Src/stm32f1xx_hal_rcc.o

.debug_aranges  0x00000000      0x4d0
 .debug_aranges
                0x00000000       0x48 ./Core/Src/blink_control.o
 .debug_aranges
                0x00000048       0x28 ./Core/Src/fsm.o
 .debug_aranges
                0x00000070       0x38 ./Core/Src/main.o
 .debug_aranges
                0x000000a8       0x58 ./Core/Src/modulo_ejemplo.o
 .debug_aranges
                0x00000100       0x20 ./Core/Src/stm32f1xx_hal_msp.o
 .debug_aranges
                0x00000120       0x60 ./Core/Src/stm32f1xx_it.o
 .debug_aranges
                0x00000180       0x28 ./Core/Src/system_stm32f1xx.o
 .debug_aranges
                0x000001a8       0x38 ./Core/Src/timer.o
 .debug_aranges
                0x000001e0       0x28 ./Core/Startup/startup_stm32f103c8tx.o
 .debug_aranges
                0x00000208       0xe0 ./Drivers/STM32F1xx_HAL_Driver/Src/stm32f1xx_hal.o
 .debug_aranges
                0x000002e8      0x100 ./Drivers/STM32F1xx_HAL_Driver/Src/stm32f1xx_hal_cortex.o
 .debug_aranges
                0x000003e8       0x58 ./Drivers/STM32F1xx_HAL_Driver/Src/stm32f1xx_hal_gpio.o
 .debug_aranges
                0x00000440       0x90 ./Drivers/STM32F1xx_HAL_Driver/Src/stm32f1xx_hal_rcc.o

.debug_rnglists
                0x00000000      0x366
 .debug_rnglists
                0x00000000       0x31 ./Core/Src/blink_control.o
 .debug_rnglists
                0x00000031       0x1a ./Core/Src/fsm.o
 .debug_rnglists
                0x0000004b       0x26 ./Core/Src/main.o
 .debug_rnglists
                0x00000071       0x3e ./Core/Src/modulo_ejemplo.o
 .debug_rnglists
                0x000000af       0x13 ./Core/Src/stm32f1xx_hal_msp.o
 .debug_rnglists
                0x000000c2       0x43 ./Core/Src/stm32f1xx_it.o
 .debug_rnglists
                0x00000105       0x1a ./Core/Src/system_stm32f1xx.o
 .debug_rnglists
                0x0000011f       0x25 ./Core/Src/timer.o
 .debug_rnglists
                0x00000144       0x19 ./Core/Startup/startup_stm32f103c8tx.o
 .debug_rnglists
                0x0000015d       0xa3 ./Drivers/STM32F1xx_HAL_Driver/Src/stm32f1xx_hal.o
 .debug_rnglists
                0x00000200       0xbb ./Drivers/STM32F1xx_HAL_Driver/Src/stm32f1xx_hal_cortex.o
 .debug_rnglists
                0x000002bb       0x3f ./Drivers/STM32F1xx_HAL_Driver/Src/stm32f1xx_hal_gpio.o
 .debug_rnglists
                0x000002fa       0x6c ./Drivers/STM32F1xx_HAL_Driver/Src/stm32f1xx_hal_rcc.o

.debug_macro    0x00000000    0x16b21
 .debug_macro   0x00000000      0x1b9 ./Core/Src/blink_control.o
 .debug_macro   0x000001b9      0xaa8 ./Core/Src/blink_control.o
 .debug_macro   0x00000c61       0x22 ./Core/Src/blink_control.o
 .debug_macro   0x00000c83       0x8e ./Core/Src/blink_control.o
 .debug_macro   0x00000d11       0x51 ./Core/Src/blink_control.o
 .debug_macro   0x00000d62      0x103 ./Core/Src/blink_control.o
 .debug_macro   0x00000e65       0x6a ./Core/Src/blink_control.o
 .debug_macro   0x00000ecf      0x1df ./Core/Src/blink_control.o
 .debug_macro   0x000010ae      0x20f ./Core/Src/blink_control.o
 .debug_macro   0x000012bd       0x2e ./Core/Src/blink_control.o
 .debug_macro   0x000012eb       0x22 ./Core/Src/blink_control.o
 .debug_macro   0x0000130d       0x1c ./Core/Src/blink_control.o
 .debug_macro   0x00001329       0x22 ./Core/Src/blink_control.o
 .debug_macro   0x0000134b       0xbd ./Core/Src/blink_control.o
 .debug_macro   0x00001408      0xd23 ./Core/Src/blink_control.o
 .debug_macro   0x0000212b     0xe09e ./Core/Src/blink_control.o
 .debug_macro   0x000101c9       0x6d ./Core/Src/blink_control.o
 .debug_macro   0x00010236     0x34a2 ./Core/Src/blink_control.o
 .debug_macro   0x000136d8      0x189 ./Core/Src/blink_control.o
 .debug_macro   0x00013861       0x5c ./Core/Src/blink_control.o
 .debug_macro   0x000138bd      0x5bc ./Core/Src/blink_control.o
 .debug_macro   0x00013e79      0x289 ./Core/Src/blink_control.o
 .debug_macro   0x00014102      0x1cb ./Core/Src/blink_control.o
 .debug_macro   0x000142cd      0x114 ./Core/Src/blink_control.o
 .debug_macro   0x000143e1      0x1b2 ./Core/Src/blink_control.o
 .debug_macro   0x00014593       0x27 ./Core/Src/blink_control.o
 .debug_macro   0x000145ba      0x136 ./Core/Src/blink_control.o
 .debug_macro   0x000146f0      0x1bc ./Core/Src/blink_control.o
 .debug_macro   0x000148ac       0x34 ./Core/Src/blink_control.o
 .debug_macro   0x000148e0       0x3c ./Core/Src/blink_control.o
 .debug_macro   0x0001491c       0x57 ./Core/Src/blink_control.o
 .debug_macro   0x00014973       0x87 ./Core/Src/blink_control.o
 .debug_macro   0x000149fa      0x240 ./Core/Src/blink_control.o
 .debug_macro   0x00014c3a      0x140 ./Core/Src/blink_control.o
 .debug_macro   0x00014d7a       0x83 ./Core/Src/blink_control.o
 .debug_macro   0x00014dfd       0x34 ./Core/Src/blink_control.o
 .debug_macro   0x00014e31      0x19d ./Core/Src/fsm.o
 .debug_macro   0x00014fce      0x2c9 ./Core/Src/main.o
 .debug_macro   0x00015297       0x61 ./Core/Src/main.o
 .debug_macro   0x000152f8       0x24 ./Core/Src/main.o
 .debug_macro   0x0001531c       0x43 ./Core/Src/main.o
 .debug_macro   0x0001535f       0x34 ./Core/Src/main.o
 .debug_macro   0x00015393       0x16 ./Core/Src/main.o
 .debug_macro   0x000153a9       0x43 ./Core/Src/main.o
 .debug_macro   0x000153ec       0x34 ./Core/Src/main.o
 .debug_macro   0x00015420       0x10 ./Core/Src/main.o
 .debug_macro   0x00015430       0x58 ./Core/Src/main.o
 .debug_macro   0x00015488       0x8e ./Core/Src/main.o
 .debug_macro   0x00015516       0x1c ./Core/Src/main.o
 .debug_macro   0x00015532      0x177 ./Core/Src/main.o
 .debug_macro   0x000156a9      0x369 ./Core/Src/main.o
 .debug_macro   0x00015a12       0x10 ./Core/Src/main.o
 .debug_macro   0x00015a22       0x35 ./Core/Src/main.o
 .debug_macro   0x00015a57       0x20 ./Core/Src/main.o
 .debug_macro   0x00015a77       0x1c ./Core/Src/main.o
 .debug_macro   0x00015a93       0x10 ./Core/Src/main.o
 .debug_macro   0x00015aa3       0x1c ./Core/Src/main.o
 .debug_macro   0x00015abf       0x16 ./Core/Src/main.o
 .debug_macro   0x00015ad5      0x146 ./Core/Src/main.o
 .debug_macro   0x00015c1b      0x1ea ./Core/Src/modulo_ejemplo.o
 .debug_macro   0x00015e05       0x16 ./Core/Src/modulo_ejemplo.o
 .debug_macro   0x00015e1b      0x193 ./Core/Src/stm32f1xx_hal_msp.o
 .debug_macro   0x00015fae      0x19d ./Core/Src/stm32f1xx_it.o
 .debug_macro   0x0001614b      0x184 ./Core/Src/system_stm32f1xx.o
 .debug_macro   0x000162cf      0x1a1 ./Core/Src/timer.o
 .debug_macro   0x00016470      0x1a8 ./Drivers/STM32F1xx_HAL_Driver/Src/stm32f1xx_hal.o
 .debug_macro   0x00016618      0x184 ./Drivers/STM32F1xx_HAL_Driver/Src/stm32f1xx_hal_cortex.o
 .debug_macro   0x0001679c      0x1ef ./Drivers/STM32F1xx_HAL_Driver/Src/stm32f1xx_hal_gpio.o
 .debug_macro   0x0001698b      0x196 ./Drivers/STM32F1xx_HAL_Driver/Src/stm32f1xx_hal_rcc.o

.debug_line     0x00000000     0x68df
 .debug_line    0x00000000      0x74d ./Core/Src/blink_control.o
 .debug_line    0x0000074d      0x719 ./Core/Src/fsm.o
 .debug_line    0x00000e66      0x9fb ./Core/Src/main.o
 .debug_line    0x00001861      0x834 ./Core/Src/modulo_ejemplo.o
 .debug_line    0x00002095      0x6a1 ./Core/Src/stm32f1xx_hal_msp.o
 .debug_line    0x00002736      0x762 ./Core/Src/stm32f1xx_it.o
 .debug_line    0x00002e98      0x71e ./Core/Src/system_stm32f1xx.o
 .debug_line    0x000035b6      0x6f7 ./Core/Src/timer.o
 .debug_line    0x00003cad       0x78 ./Core/Startup/startup_stm32f103c8tx.o
 .debug_line    0x00003d25      0x94b ./Drivers/STM32F1xx_HAL_Driver/Src/stm32f1xx_hal.o
 .debug_line    0x00004670      0xb37 ./Drivers/STM32F1xx_HAL_Driver/Src/stm32f1xx_hal_cortex.o
 .debug_line    0x000051a7      0x9e4 ./Drivers/STM32F1xx_HAL_Driver/Src/stm32f1xx_hal_gpio.o
 .debug_line    0x00005b8b      0xd54 ./Drivers/STM32F1xx_HAL_Driver/Src/stm32f1xx_hal_rcc.o

.debug_str      0x00000000    0x7f8ea
 .debug_str     0x00000000    0x7acbb ./Core/Src/blink_control.o
                              0x7b014 (size before relaxing)
 .debug_str     0x0007acbb       0x32 ./Core/Src/fsm.o
                              0x7ae21 (size before relaxing)
 .debug_str     0x0007aced     0x3a42 ./Core/Src/main.o
                              0x7e8e5 (size before relaxing)
 .debug_str     0x0007e72f      0x1d5 ./Core/Src/modulo_ejemplo.o
                              0x7b190 (size before relaxing)
 .debug_str     0x0007e904       0x5a ./Core/Src/stm32f1xx_hal_msp.o
                              0x7ae04 (size before relaxing)
 .debug_str     0x0007e95e       0xc9 ./Core/Src/stm32f1xx_it.o
                              0x7ae19 (size before relaxing)
 .debug_str     0x0007ea27       0x88 ./Core/Src/system_stm32f1xx.o
                              0x7ad85 (size before relaxing)
 .debug_str     0x0007eaaf       0x30 ./Core/Src/timer.o
                              0x7ae07 (size before relaxing)
 .debug_str     0x0007eadf       0x44 ./Core/Startup/startup_stm32f103c8tx.o
                                 0x7f (size before relaxing)
 .debug_str     0x0007eb23      0x5fe ./Drivers/STM32F1xx_HAL_Driver/Src/stm32f1xx_hal.o
                              0x7b4b8 (size before relaxing)
 .debug_str     0x0007f121      0x2bb ./Drivers/STM32F1xx_HAL_Driver/Src/stm32f1xx_hal_cortex.o
                              0x7b404 (size before relaxing)
 .debug_str     0x0007f3dc      0x2e5 ./Drivers/STM32F1xx_HAL_Driver/Src/stm32f1xx_hal_gpio.o
                              0x7b10b (size before relaxing)
 .debug_str     0x0007f6c1      0x229 ./Drivers/STM32F1xx_HAL_Driver/Src/stm32f1xx_hal_rcc.o
                              0x7b1b4 (size before relaxing)

.comment        0x00000000       0x43
 .comment       0x00000000       0x43 ./Core/Src/blink_control.o
                                 0x44 (size before relaxing)
 .comment       0x00000043       0x44 ./Core/Src/fsm.o
 .comment       0x00000043       0x44 ./Core/Src/main.o
 .comment       0x00000043       0x44 ./Core/Src/modulo_ejemplo.o
 .comment       0x00000043       0x44 ./Core/Src/stm32f1xx_hal_msp.o
 .comment       0x00000043       0x44 ./Core/Src/stm32f1xx_it.o
 .comment       0x00000043       0x44 ./Core/Src/system_stm32f1xx.o
 .comment       0x00000043       0x44 ./Core/Src/timer.o
 .comment       0x00000043       0x44 ./Drivers/STM32F1xx_HAL_Driver/Src/stm32f1xx_hal.o
 .comment       0x00000043       0x44 ./Drivers/STM32F1xx_HAL_Driver/Src/stm32f1xx_hal_cortex.o
 .comment       0x00000043       0x44 ./Drivers/STM32F1xx_HAL_Driver/Src/stm32f1xx_hal_gpio.o
 .comment       0x00000043       0x44 ./Drivers/STM32F1xx_HAL_Driver/Src/stm32f1xx_hal_rcc.o

.debug_frame    0x00000000     0x1048
 .debug_frame   0x00000000       0xe8 ./Core/Src/blink_control.o
 .debug_frame   0x000000e8       0x5c ./Core/Src/fsm.o
 .debug_frame   0x00000144       0x90 ./Core/Src/main.o
 .debug_frame   0x000001d4      0x130 ./Core/Src/modulo_ejemplo.o
 .debug_frame   0x00000304       0x38 ./Core/Src/stm32f1xx_hal_msp.o
 .debug_frame   0x0000033c      0x104 ./Core/Src/stm32f1xx_it.o
 .debug_frame   0x00000440       0x58 ./Core/Src/system_stm32f1xx.o
 .debug_frame   0x00000498       0xa4 ./Core/Src/timer.o
 .debug_frame   0x0000053c      0x334 ./Drivers/STM32F1xx_HAL_Driver/Src/stm32f1xx_hal.o
 .debug_frame   0x00000870      0x428 ./Drivers/STM32F1xx_HAL_Driver/Src/stm32f1xx_hal_cortex.o
 .debug_frame   0x00000c98      0x14c ./Drivers/STM32F1xx_HAL_Driver/Src/stm32f1xx_hal_gpio.o
 .debug_frame   0x00000de4      0x218 ./Drivers/STM32F1xx_HAL_Driver/Src/stm32f1xx_hal_rcc.o
 .debug_frame   0x00000ffc       0x20 D:/stm3332/STM32CubeIDE_1.15.0/STM32CubeIDE/plugins/com.st.stm32cube.ide.mcu.externaltools.gnu-tools-for-stm32.12.3.rel1.win32_1.0.100.202403111256/tools/bin/../lib/gcc/arm-none-eabi/12.3.1/../../../../arm-none-eabi/lib/thumb/v7-m/nofp\libc_nano.a(libc_a-memset.o)
 .debug_frame   0x0000101c       0x2c D:/stm3332/STM32CubeIDE_1.15.0/STM32CubeIDE/plugins/com.st.stm32cube.ide.mcu.externaltools.gnu-tools-for-stm32.12.3.rel1.win32_1.0.100.202403111256/tools/bin/../lib/gcc/arm-none-eabi/12.3.1/../../../../arm-none-eabi/lib/thumb/v7-m/nofp\libc_nano.a(libc_a-init.o)

.debug_line_str
                0x00000000       0x63
 .debug_line_str
                0x00000000       0x63 ./Core/Startup/startup_stm32f103c8tx.o
